000 (6012067.005.000) 2026-08-10 10:57:57 Job submitted from host: <128.105.68.113:9618?addrs=128.105.68.113-9618+[2607-f388-2200-100-eaeb-d3ff-fea7-d05e]-9618&alias=ap2002.chtc.wisc.edu&noUDP&sock=schedd_7808_378f>
    [ JobBatchName = "birdsong_comparison" ]
...
040 (6012067.005.000) 2026-08-10 13:13:08 Started transferring input files
	Transferring to host: <128.105.69.185:9618?addrs=128.105.69.185-9618+[2607-f388-2200-100-1270-fdff-fe56-c0d4]-9618&alias=e4037.chtc.wisc.edu&noUDP&sock=slot1_43_4036145_077a_14682>
...
040 (6012067.005.000) 2026-08-10 13:18:49 Finished transferring input files
...
001 (6012067.005.000) 2026-08-10 13:18:50 Job executing on host: <128.105.69.185:9618?addrs=128.105.69.185-9618+[2607-f388-2200-100-1270-fdff-fe56-c0d4]-9618&alias=e4037.chtc.wisc.edu&noUDP&sock=startd_14780_6ddb>
	SlotName: slot1_43@e4037.chtc.wisc.edu
	CondorScratchDir = "/var/lib/condor/execute/slot1/dir_3329904/scratch"
	Cpus = 1
	Disk = 209715200
	GPUs = 0
	IoHeavy = 0
	Memory = 20480
...
006 (6012067.005.000) 2026-08-10 13:18:58 Image size of job updated: 55
	55  -  MemoryUsage of job (MB)
	57040  -  ResidentSetSize of job (KB)
...
006 (6012067.005.000) 2026-08-10 13:23:59 Image size of job updated: 107
	107  -  MemoryUsage of job (MB)
	109708  -  ResidentSetSize of job (KB)
...
006 (6012067.005.000) 2026-08-10 13:39:01 Image size of job updated: 3026
	3026  -  MemoryUsage of job (MB)
	3099076  -  ResidentSetSize of job (KB)
...
040 (6012067.005.000) 2026-08-10 15:15:58 Started transferring output files
...
040 (6012067.005.000) 2026-08-10 15:17:38 Finished transferring output files
...
005 (6012067.005.000) 2026-08-10 15:17:49 Job terminated.
	(1) Normal termination (return value 0)
		Usr 0 01:36:11, Sys 0 00:19:13  -  Run Remote Usage
		Usr 0 00:00:00, Sys 0 00:00:00  -  Run Local Usage
		Usr 0 01:36:11, Sys 0 00:19:13  -  Total Remote Usage
		Usr 0 00:00:00, Sys 0 00:00:00  -  Total Local Usage
	4205615227  -  Run Bytes Sent By Job
	33903518584  -  Run Bytes Received By Job
	4205615227  -  Total Bytes Sent By Job
	33903518584  -  Total Bytes Received By Job
	Partitionable Resources :       Usage   Request Allocated 
	   Cpus                 :        0.00         1         1 
	   Disk (KB)            : 82367256    209715200 209715200 
	   GPUs                 :                               0 
	   IoHeavy              :                               0 
	   Memory (MB)          :     3026        20480     20480 
	   TimeExecute (s)      :     7027                        
	   TimeSlotBusy (s)     :     7472                        
...
000 (6013147.005.000) 2026-08-10 16:22:39 Job submitted from host: <128.105.68.113:9618?addrs=128.105.68.113-9618+[2607-f388-2200-100-eaeb-d3ff-fea7-d05e]-9618&alias=ap2002.chtc.wisc.edu&noUDP&sock=schedd_7808_378f>
    [ JobBatchName = "birdsong_comparison" ]
...
040 (6013147.005.000) 2026-08-10 16:37:06 Started transferring input files
	Transferring to host: <128.105.69.103:9618?addrs=128.105.69.103-9618+[2607-f388-2200-100-1270-fdff-fe56-4614]-9618&alias=e4031.chtc.wisc.edu&noUDP&sock=slot1_17_3538704_d815_52477>
...
040 (6013147.005.000) 2026-08-10 16:42:17 Finished transferring input files
...
001 (6013147.005.000) 2026-08-10 16:42:18 Job executing on host: <128.105.69.103:9618?addrs=128.105.69.103-9618+[2607-f388-2200-100-1270-fdff-fe56-4614]-9618&alias=e4031.chtc.wisc.edu&noUDP&sock=startd_14737_ef48>
	SlotName: slot1_17@e4031.chtc.wisc.edu
	CondorScratchDir = "/var/lib/condor/execute/slot1/dir_226810/scratch"
	Cpus = 1
	Disk = 209715200
	GPUs = 0
	IoHeavy = 0
	Memory = 20480
...
006 (6013147.005.000) 2026-08-10 16:42:26 Image size of job updated: 66
	66  -  MemoryUsage of job (MB)
	67648  -  ResidentSetSize of job (KB)
...
006 (6013147.005.000) 2026-08-10 16:47:27 Image size of job updated: 88
	88  -  MemoryUsage of job (MB)
	91052  -  ResidentSetSize of job (KB)
...
006 (6013147.005.000) 2026-08-10 16:57:27 Image size of job updated: 2623
	2623  -  MemoryUsage of job (MB)
	2686632  -  ResidentSetSize of job (KB)
...
040 (6013147.005.000) 2026-08-10 18:21:39 Started transferring output files
...
040 (6013147.005.000) 2026-08-10 18:23:11 Finished transferring output files
...
005 (6013147.005.000) 2026-08-10 18:23:21 Job terminated.
	(1) Normal termination (return value 0)
		Usr 0 01:24:32, Sys 0 00:14:41  -  Run Remote Usage
		Usr 0 00:00:00, Sys 0 00:00:00  -  Run Local Usage
		Usr 0 01:24:32, Sys 0 00:14:41  -  Total Remote Usage
		Usr 0 00:00:00, Sys 0 00:00:00  -  Total Local Usage
	4205626927  -  Run Bytes Sent By Job
	33903519347  -  Run Bytes Received By Job
	4205626927  -  Total Bytes Sent By Job
	33903519347  -  Total Bytes Received By Job
	Partitionable Resources :       Usage   Request Allocated 
	   Cpus                 :        0.13         1         1 
	   Disk (KB)            : 82367304    209715200 209715200 
	   GPUs                 :                               0 
	   IoHeavy              :                               0 
	   Memory (MB)          :     2623        20480     20480 
	   TimeExecute (s)      :     5959                        
	   TimeSlotBusy (s)     :     6366                        
...
