000 (6012067.006.000) 2026-08-10 10:57:57 Job submitted from host: <128.105.68.113:9618?addrs=128.105.68.113-9618+[2607-f388-2200-100-eaeb-d3ff-fea7-d05e]-9618&alias=ap2002.chtc.wisc.edu&noUDP&sock=schedd_7808_378f>
    [ JobBatchName = "birdsong_comparison" ]
...
040 (6012067.006.000) 2026-08-10 13:31:16 Started transferring input files
	Transferring to host: <128.105.69.163:9618?addrs=128.105.69.163-9618+[2607-f388-2200-100-1270-fdff-fe56-c6f4]-9618&alias=e4096.chtc.wisc.edu&noUDP&sock=slot1_13_1300749_1778_54874>
...
040 (6012067.006.000) 2026-08-10 13:35:38 Finished transferring input files
...
001 (6012067.006.000) 2026-08-10 13:35:39 Job executing on host: <128.105.69.163:9618?addrs=128.105.69.163-9618+[2607-f388-2200-100-1270-fdff-fe56-c6f4]-9618&alias=e4096.chtc.wisc.edu&noUDP&sock=startd_10837_dbed>
	SlotName: slot1_13@e4096.chtc.wisc.edu
	CondorScratchDir = "/var/lib/condor/execute/slot1/dir_929250/scratch"
	Cpus = 1
	Disk = 209715200
	GPUs = 0
	IoHeavy = 0
	Memory = 20480
...
006 (6012067.006.000) 2026-08-10 13:35:47 Image size of job updated: 55
	55  -  MemoryUsage of job (MB)
	57248  -  ResidentSetSize of job (KB)
...
006 (6012067.006.000) 2026-08-10 13:40:47 Image size of job updated: 107
	107  -  MemoryUsage of job (MB)
	109600  -  ResidentSetSize of job (KB)
...
006 (6012067.006.000) 2026-08-10 13:50:48 Image size of job updated: 2192
	2192  -  MemoryUsage of job (MB)
	2245364  -  ResidentSetSize of job (KB)
...
040 (6012067.006.000) 2026-08-10 14:49:51 Started transferring output files
...
040 (6012067.006.000) 2026-08-10 14:50:01 Finished transferring output files
...
005 (6012067.006.000) 2026-08-10 14:50:11 Job terminated.
	(1) Normal termination (return value 0)
		Usr 0 01:04:11, Sys 0 00:06:24  -  Run Remote Usage
		Usr 0 00:00:00, Sys 0 00:00:00  -  Run Local Usage
		Usr 0 01:04:11, Sys 0 00:06:24  -  Total Remote Usage
		Usr 0 00:00:00, Sys 0 00:00:00  -  Total Local Usage
	3842336156  -  Run Bytes Sent By Job
	33495837527  -  Run Bytes Received By Job
	3842336156  -  Total Bytes Sent By Job
	33495837527  -  Total Bytes Received By Job
	Partitionable Resources :    Usage   Request Allocated 
	   Cpus                 :        0         1         1 
	   Disk (KB)            : 80754632 209715200 209715200 
	   GPUs                 :                            0 
	   IoHeavy              :                            0 
	   Memory (MB)          :     2192     20480     20480 
	   TimeExecute (s)      :     4450                     
	   TimeSlotBusy (s)     :     4726                     
...
000 (6013147.006.000) 2026-08-10 16:22:39 Job submitted from host: <128.105.68.113:9618?addrs=128.105.68.113-9618+[2607-f388-2200-100-eaeb-d3ff-fea7-d05e]-9618&alias=ap2002.chtc.wisc.edu&noUDP&sock=schedd_7808_378f>
    [ JobBatchName = "birdsong_comparison" ]
...
040 (6013147.006.000) 2026-08-10 17:19:25 Started transferring input files
	Transferring to host: <128.105.69.102:9618?addrs=128.105.69.102-9618+[2607-f388-2200-100-1270-fdff-fe56-cbc4]-9618&alias=e4013.chtc.wisc.edu&noUDP&sock=slot1_10_964537_5290_64764>
...
040 (6013147.006.000) 2026-08-10 17:27:48 Finished transferring input files
...
001 (6013147.006.000) 2026-08-10 17:27:48 Job executing on host: <128.105.69.102:9618?addrs=128.105.69.102-9618+[2607-f388-2200-100-1270-fdff-fe56-cbc4]-9618&alias=e4013.chtc.wisc.edu&noUDP&sock=startd_15172_4efb>
	SlotName: slot1_10@e4013.chtc.wisc.edu
	CondorScratchDir = "/var/lib/condor/execute/slot1/dir_1327189/scratch"
	Cpus = 1
	Disk = 209715200
	GPUs = 0
	IoHeavy = 0
	Memory = 20480
...
006 (6013147.006.000) 2026-08-10 17:27:57 Image size of job updated: 67
	67  -  MemoryUsage of job (MB)
	68608  -  ResidentSetSize of job (KB)
...
006 (6013147.006.000) 2026-08-10 17:32:58 Image size of job updated: 107
	107  -  MemoryUsage of job (MB)
	109868  -  ResidentSetSize of job (KB)
...
006 (6013147.006.000) 2026-08-10 17:42:59 Image size of job updated: 2192
	2192  -  MemoryUsage of job (MB)
	2245392  -  ResidentSetSize of job (KB)
...
040 (6013147.006.000) 2026-08-10 18:53:25 Started transferring output files
...
040 (6013147.006.000) 2026-08-10 18:54:58 Finished transferring output files
...
005 (6013147.006.000) 2026-08-10 18:55:08 Job terminated.
	(1) Normal termination (return value 0)
		Usr 0 01:13:29, Sys 0 00:11:48  -  Run Remote Usage
		Usr 0 00:00:00, Sys 0 00:00:00  -  Run Local Usage
		Usr 0 01:13:29, Sys 0 00:11:48  -  Total Remote Usage
		Usr 0 00:00:00, Sys 0 00:00:00  -  Total Local Usage
	3842328368  -  Run Bytes Sent By Job
	33495838099  -  Run Bytes Received By Job
	3842328368  -  Total Bytes Sent By Job
	33495838099  -  Total Bytes Received By Job
	Partitionable Resources :       Usage   Request Allocated 
	   Cpus                 :        0.00         1         1 
	   Disk (KB)            : 80753888    209715200 209715200 
	   GPUs                 :                               0 
	   IoHeavy              :                               0 
	   Memory (MB)          :     2192        20480     20480 
	   TimeExecute (s)      :     5136                        
	   TimeSlotBusy (s)     :     5734                        
...
