Starting parallel job for bird: Bird8
Defaulting to user installation because normal site-packages is not writeable
Requirement already satisfied: numpy in /opt/conda/envs/transformers/lib/python3.12/site-packages (1.26.4)
Collecting librosa
  Downloading librosa-0.11.0-py3-none-any.whl.metadata (8.7 kB)
Collecting soundfile
  Downloading soundfile-0.14.0-py2.py3-none-manylinux_2_28_x86_64.whl.metadata (18 kB)
Collecting matplotlib
  Downloading matplotlib-3.11.1-cp312-cp312-manylinux2014_x86_64.manylinux_2_17_x86_64.whl.metadata (80 kB)
Requirement already satisfied: scipy in /opt/conda/envs/transformers/lib/python3.12/site-packages (1.12.0)
Collecting audioread>=2.1.9 (from librosa)
  Downloading audioread-3.1.0-py3-none-any.whl.metadata (9.0 kB)
Collecting numba>=0.51.0 (from librosa)
  Downloading numba-0.66.0-cp312-cp312-manylinux2014_x86_64.manylinux_2_17_x86_64.whl.metadata (2.7 kB)
Requirement already satisfied: scikit-learn>=1.1.0 in /opt/conda/envs/transformers/lib/python3.12/site-packages (from librosa) (1.3.2)
Requirement already satisfied: joblib>=1.0 in /opt/conda/envs/transformers/lib/python3.12/site-packages (from librosa) (1.5.3)
Requirement already satisfied: decorator>=4.3.0 in /opt/conda/envs/transformers/lib/python3.12/site-packages (from librosa) (5.2.1)
Collecting pooch>=1.1 (from librosa)
  Downloading pooch-1.9.0-py3-none-any.whl.metadata (10 kB)
Collecting soxr>=0.3.2 (from librosa)
  Downloading soxr-1.1.0-cp312-abi3-manylinux_2_27_x86_64.manylinux_2_28_x86_64.whl.metadata (5.8 kB)
Requirement already satisfied: typing_extensions>=4.1.1 in /opt/conda/envs/transformers/lib/python3.12/site-packages (from librosa) (4.15.0)
Collecting lazy_loader>=0.1 (from librosa)
  Downloading lazy_loader-0.5-py3-none-any.whl.metadata (5.9 kB)
Collecting msgpack>=1.0 (from librosa)
  Downloading msgpack-1.2.1-cp312-cp312-manylinux2014_x86_64.manylinux_2_17_x86_64.manylinux_2_28_x86_64.whl.metadata (8.3 kB)
Requirement already satisfied: cffi>=1.0 in /opt/conda/envs/transformers/lib/python3.12/site-packages (from soundfile) (2.0.0)
Collecting contourpy>=1.0.1 (from matplotlib)
  Downloading contourpy-1.3.3-cp312-cp312-manylinux_2_27_x86_64.manylinux_2_28_x86_64.whl.metadata (5.5 kB)
Collecting cycler>=0.10 (from matplotlib)
  Downloading cycler-0.12.1-py3-none-any.whl.metadata (3.8 kB)
Collecting fonttools>=4.28.2 (from matplotlib)
  Downloading fonttools-4.63.0-cp312-cp312-manylinux2014_x86_64.manylinux_2_17_x86_64.whl.metadata (118 kB)
Collecting kiwisolver>=1.3.1 (from matplotlib)
  Downloading kiwisolver-1.5.0-cp312-cp312-manylinux2014_x86_64.manylinux_2_17_x86_64.whl.metadata (5.1 kB)
Requirement already satisfied: packaging>=20.0 in /opt/conda/envs/transformers/lib/python3.12/site-packages (from matplotlib) (25.0)
Collecting pillow>=9 (from matplotlib)
  Downloading pillow-12.3.0-cp312-cp312-manylinux_2_27_x86_64.manylinux_2_28_x86_64.whl.metadata (9.1 kB)
Collecting pyparsing>=3 (from matplotlib)
  Downloading pyparsing-3.3.2-py3-none-any.whl.metadata (5.8 kB)
Requirement already satisfied: python-dateutil>=2.7 in /opt/conda/envs/transformers/lib/python3.12/site-packages (from matplotlib) (2.9.0.post0)
Requirement already satisfied: pycparser in /opt/conda/envs/transformers/lib/python3.12/site-packages (from cffi>=1.0->soundfile) (2.23)
Collecting llvmlite<0.49,>=0.48.0dev0 (from numba>=0.51.0->librosa)
  Downloading llvmlite-0.48.0-cp312-cp312-manylinux2014_x86_64.manylinux_2_17_x86_64.whl.metadata (5.0 kB)
Requirement already satisfied: platformdirs>=2.5.0 in /opt/conda/envs/transformers/lib/python3.12/site-packages (from pooch>=1.1->librosa) (4.5.0)
Requirement already satisfied: requests>=2.19.0 in /opt/conda/envs/transformers/lib/python3.12/site-packages (from pooch>=1.1->librosa) (2.32.5)
Requirement already satisfied: six>=1.5 in /opt/conda/envs/transformers/lib/python3.12/site-packages (from python-dateutil>=2.7->matplotlib) (1.17.0)
Requirement already satisfied: charset_normalizer<4,>=2 in /opt/conda/envs/transformers/lib/python3.12/site-packages (from requests>=2.19.0->pooch>=1.1->librosa) (3.4.4)
Requirement already satisfied: idna<4,>=2.5 in /opt/conda/envs/transformers/lib/python3.12/site-packages (from requests>=2.19.0->pooch>=1.1->librosa) (3.11)
Requirement already satisfied: urllib3<3,>=1.21.1 in /opt/conda/envs/transformers/lib/python3.12/site-packages (from requests>=2.19.0->pooch>=1.1->librosa) (2.6.3)
Requirement already satisfied: certifi>=2017.4.17 in /opt/conda/envs/transformers/lib/python3.12/site-packages (from requests>=2.19.0->pooch>=1.1->librosa) (2026.1.4)
Requirement already satisfied: threadpoolctl>=2.0.0 in /opt/conda/envs/transformers/lib/python3.12/site-packages (from scikit-learn>=1.1.0->librosa) (3.5.0)
Downloading librosa-0.11.0-py3-none-any.whl (260 kB)
Downloading soundfile-0.14.0-py2.py3-none-manylinux_2_28_x86_64.whl (1.3 MB)
   ━━━━━━━━━━━━━━━━━━━━━━━━━━━━━━━━━━━━━━━━ 1.3/1.3 MB 16.6 MB/s  0:00:00
Downloading matplotlib-3.11.1-cp312-cp312-manylinux2014_x86_64.manylinux_2_17_x86_64.whl (10.0 MB)
   ━━━━━━━━━━━━━━━━━━━━━━━━━━━━━━━━━━━━━━━━ 10.0/10.0 MB 39.7 MB/s  0:00:00
Downloading audioread-3.1.0-py3-none-any.whl (23 kB)
Downloading contourpy-1.3.3-cp312-cp312-manylinux_2_27_x86_64.manylinux_2_28_x86_64.whl (362 kB)
Downloading cycler-0.12.1-py3-none-any.whl (8.3 kB)
Downloading fonttools-4.63.0-cp312-cp312-manylinux2014_x86_64.manylinux_2_17_x86_64.whl (5.0 MB)
   ━━━━━━━━━━━━━━━━━━━━━━━━━━━━━━━━━━━━━━━━ 5.0/5.0 MB 59.7 MB/s  0:00:00
Downloading kiwisolver-1.5.0-cp312-cp312-manylinux2014_x86_64.manylinux_2_17_x86_64.whl (1.5 MB)
   ━━━━━━━━━━━━━━━━━━━━━━━━━━━━━━━━━━━━━━━━ 1.5/1.5 MB 92.4 MB/s  0:00:00
Downloading lazy_loader-0.5-py3-none-any.whl (8.0 kB)
Downloading msgpack-1.2.1-cp312-cp312-manylinux2014_x86_64.manylinux_2_17_x86_64.manylinux_2_28_x86_64.whl (419 kB)
Downloading numba-0.66.0-cp312-cp312-manylinux2014_x86_64.manylinux_2_17_x86_64.whl (3.9 MB)
   ━━━━━━━━━━━━━━━━━━━━━━━━━━━━━━━━━━━━━━━━ 3.9/3.9 MB 60.7 MB/s  0:00:00
Downloading llvmlite-0.48.0-cp312-cp312-manylinux2014_x86_64.manylinux_2_17_x86_64.whl (59.9 MB)
   ━━━━━━━━━━━━━━━━━━━━━━━━━━━━━━━━━━━━━━━━ 59.9/59.9 MB 69.6 MB/s  0:00:00
Downloading pillow-12.3.0-cp312-cp312-manylinux_2_27_x86_64.manylinux_2_28_x86_64.whl (6.9 MB)
   ━━━━━━━━━━━━━━━━━━━━━━━━━━━━━━━━━━━━━━━━ 6.9/6.9 MB 47.5 MB/s  0:00:00
Downloading pooch-1.9.0-py3-none-any.whl (67 kB)
Downloading pyparsing-3.3.2-py3-none-any.whl (122 kB)
Downloading soxr-1.1.0-cp312-abi3-manylinux_2_27_x86_64.manylinux_2_28_x86_64.whl (240 kB)
Installing collected packages: soxr, pyparsing, pillow, msgpack, llvmlite, lazy_loader, kiwisolver, fonttools, cycler, contourpy, audioread, soundfile, pooch, numba, matplotlib, librosa

Successfully installed audioread-3.1.0 contourpy-1.3.3 cycler-0.12.1 fonttools-4.63.0 kiwisolver-1.5.0 lazy_loader-0.5 librosa-0.11.0 llvmlite-0.48.0 matplotlib-3.11.1 msgpack-1.2.1 numba-0.66.0 pillow-12.3.0 pooch-1.9.0 pyparsing-3.3.2 soundfile-0.14.0 soxr-1.1.0

--- Processing comparison/mapping/expanded_json_annotations.pkl ---
Plotting 33.wav with 9 syllables...
Plotting 90.wav with 22 syllables...
Plotting 67.wav with 6 syllables...
Plotting 17.wav with 15 syllables...
Plotting 135.wav with 7 syllables...
Plotting 114.wav with 2 syllables...
Plotting 37.wav with 12 syllables...
Plotting 7.wav with 19 syllables...
Plotting 65.wav with 29 syllables...
Plotting 89.wav with 17 syllables...
Plotting 74.wav with 9 syllables...
Plotting 95.wav with 8 syllables...
Plotting 48.wav with 5 syllables...
Plotting 76.wav with 24 syllables...
Plotting 123.wav with 2 syllables...
Plotting 125.wav with 8 syllables...
Plotting 102.wav with 2 syllables...
Plotting 134.wav with 2 syllables...
Plotting 51.wav with 2 syllables...
Plotting 46.wav with 6 syllables...
Plotting 0.wav with 4 syllables...
Plotting 12.wav with 6 syllables...
Plotting 45.wav with 5 syllables...
Plotting 75.wav with 22 syllables...
Plotting 10.wav with 9 syllables...
Plotting 27.wav with 5 syllables...
Plotting 64.wav with 14 syllables...
Plotting 32.wav with 12 syllables...
Plotting 117.wav with 7 syllables...
Plotting 49.wav with 10 syllables...
Plotting 30.wav with 4 syllables...
Plotting 96.wav with 2 syllables...
Plotting 20.wav with 16 syllables...
Plotting 53.wav with 2 syllables...
Plotting 16.wav with 2 syllables...
Plotting 92.wav with 6 syllables...
Plotting 116.wav with 16 syllables...
Plotting 41.wav with 14 syllables...
Plotting 56.wav with 11 syllables...
Plotting 91.wav with 7 syllables...
Plotting 66.wav with 18 syllables...
Plotting 31.wav with 9 syllables...
Plotting 61.wav with 8 syllables...
Plotting 25.wav with 11 syllables...
Plotting 139.wav with 5 syllables...
Plotting 69.wav with 4 syllables...
Plotting 85.wav with 5 syllables...
Plotting 62.wav with 2 syllables...
Plotting 18.wav with 18 syllables...
Plotting 129.wav with 7 syllables...
Plotting 130.wav with 2 syllables...
Plotting 5.wav with 16 syllables...
Plotting 13.wav with 9 syllables...
Plotting 36.wav with 29 syllables...
Plotting 88.wav with 2 syllables...
Plotting 35.wav with 4 syllables...
Plotting 11.wav with 13 syllables...
Plotting 22.wav with 1 syllables...
Plotting 127.wav with 8 syllables...
Plotting 19.wav with 8 syllables...
Plotting 111.wav with 28 syllables...
Plotting 6.wav with 16 syllables...
Plotting 15.wav with 14 syllables...
Plotting 109.wav with 7 syllables...
Plotting 52.wav with 5 syllables...
Plotting 14.wav with 21 syllables...
Plotting 60.wav with 3 syllables...
Plotting 8.wav with 11 syllables...
Plotting 103.wav with 3 syllables...
Plotting 39.wav with 15 syllables...
Plotting 120.wav with 18 syllables...
Plotting 38.wav with 45 syllables...
Plotting 68.wav with 18 syllables...
Plotting 58.wav with 18 syllables...
Plotting 54.wav with 11 syllables...
Plotting 110.wav with 23 syllables...
Plotting 34.wav with 21 syllables...
Plotting 42.wav with 16 syllables...
Plotting 77.wav with 41 syllables...
Plotting 118.wav with 20 syllables...
Plotting 112.wav with 26 syllables...
Plotting 104.wav with 2 syllables...
Plotting 1.wav with 18 syllables...
Plotting 43.wav with 21 syllables...
Plotting 26.wav with 8 syllables...
Plotting 55.wav with 10 syllables...
Plotting 126.wav with 12 syllables...
Plotting 59.wav with 10 syllables...
Plotting 63.wav with 23 syllables...
Plotting 57.wav with 2 syllables...
Plotting 113.wav with 19 syllables...
Plotting 50.wav with 10 syllables...
Plotting 40.wav with 3 syllables...
No annotations found for 70.wav. Skipping plot.
No annotations found for 100.wav. Skipping plot.
No annotations found for 131.wav. Skipping plot.
No annotations found for 72.wav. Skipping plot.
No annotations found for 21.wav. Skipping plot.
No annotations found for 128.wav. Skipping plot.
No annotations found for 80.wav. Skipping plot.
No annotations found for 99.wav. Skipping plot.
No annotations found for 71.wav. Skipping plot.
No annotations found for 3.wav. Skipping plot.
No annotations found for 94.wav. Skipping plot.
No annotations found for 115.wav. Skipping plot.
No annotations found for 105.wav. Skipping plot.
No annotations found for 86.wav. Skipping plot.
No annotations found for 93.wav. Skipping plot.
No annotations found for 82.wav. Skipping plot.
No annotations found for 2.wav. Skipping plot.
No annotations found for 124.wav. Skipping plot.
No annotations found for 9.wav. Skipping plot.
No annotations found for 141.wav. Skipping plot.
No annotations found for 83.wav. Skipping plot.
No annotations found for 101.wav. Skipping plot.
No annotations found for 23.wav. Skipping plot.
No annotations found for 138.wav. Skipping plot.
No annotations found for 29.wav. Skipping plot.
No annotations found for 84.wav. Skipping plot.
No annotations found for 108.wav. Skipping plot.
No annotations found for 119.wav. Skipping plot.
No annotations found for 78.wav. Skipping plot.
No annotations found for 44.wav. Skipping plot.
No annotations found for 121.wav. Skipping plot.
No annotations found for 140.wav. Skipping plot.
No annotations found for 136.wav. Skipping plot.
No annotations found for 137.wav. Skipping plot.
No annotations found for 122.wav. Skipping plot.
No annotations found for 107.wav. Skipping plot.
No annotations found for 106.wav. Skipping plot.
No annotations found for 97.wav. Skipping plot.
No annotations found for 79.wav. Skipping plot.
No annotations found for 73.wav. Skipping plot.
No annotations found for 98.wav. Skipping plot.
No annotations found for 24.wav. Skipping plot.
No annotations found for 4.wav. Skipping plot.
No annotations found for 87.wav. Skipping plot.
No annotations found for 132.wav. Skipping plot.
No annotations found for 28.wav. Skipping plot.
No annotations found for 81.wav. Skipping plot.
No annotations found for 133.wav. Skipping plot.
No annotations found for 47.wav. Skipping plot.

--- Processing comparison/mapping/expanded_pkl_annotations.pkl ---
Plotting 0.wav with 23 syllables...
Plotting 1.wav with 51 syllables...
Plotting 10.wav with 27 syllables...
Plotting 100.wav with 11 syllables...
Plotting 101.wav with 21 syllables...
Plotting 102.wav with 36 syllables...
Plotting 103.wav with 19 syllables...
Plotting 104.wav with 38 syllables...
Plotting 105.wav with 20 syllables...
Plotting 106.wav with 22 syllables...
Plotting 107.wav with 18 syllables...
Plotting 108.wav with 39 syllables...
Plotting 109.wav with 26 syllables...
Plotting 11.wav with 58 syllables...
Plotting 110.wav with 57 syllables...
Plotting 111.wav with 73 syllables...
Plotting 112.wav with 75 syllables...
Plotting 113.wav with 49 syllables...
Plotting 114.wav with 18 syllables...
Plotting 115.wav with 8 syllables...
Plotting 116.wav with 41 syllables...
Plotting 117.wav with 32 syllables...
Plotting 118.wav with 52 syllables...
Plotting 119.wav with 20 syllables...
Plotting 12.wav with 39 syllables...
Plotting 120.wav with 75 syllables...
Plotting 121.wav with 17 syllables...
Plotting 122.wav with 24 syllables...
Plotting 123.wav with 20 syllables...
Plotting 124.wav with 15 syllables...
Plotting 125.wav with 45 syllables...
Plotting 126.wav with 28 syllables...
Plotting 127.wav with 28 syllables...
Plotting 128.wav with 28 syllables...
Plotting 129.wav with 26 syllables...
Plotting 13.wav with 32 syllables...
Plotting 130.wav with 21 syllables...
Plotting 131.wav with 11 syllables...
Plotting 132.wav with 18 syllables...
Plotting 133.wav with 29 syllables...
Plotting 134.wav with 22 syllables...
Plotting 135.wav with 28 syllables...
Plotting 136.wav with 29 syllables...
Plotting 137.wav with 14 syllables...
Plotting 138.wav with 17 syllables...
Plotting 139.wav with 26 syllables...
Plotting 14.wav with 87 syllables...
Plotting 140.wav with 16 syllables...
Plotting 141.wav with 15 syllables...
Plotting 15.wav with 48 syllables...
Plotting 16.wav with 42 syllables...
Plotting 17.wav with 54 syllables...
Plotting 18.wav with 49 syllables...
Plotting 19.wav with 37 syllables...
Plotting 2.wav with 19 syllables...
Plotting 20.wav with 44 syllables...
Plotting 21.wav with 14 syllables...
Plotting 22.wav with 31 syllables...
Plotting 23.wav with 14 syllables...
Plotting 24.wav with 15 syllables...
Plotting 25.wav with 46 syllables...
Plotting 26.wav with 32 syllables...
Plotting 27.wav with 24 syllables...
Plotting 28.wav with 18 syllables...
Plotting 29.wav with 15 syllables...
Plotting 3.wav with 14 syllables...
Plotting 30.wav with 37 syllables...
Plotting 31.wav with 36 syllables...
Plotting 32.wav with 58 syllables...
Plotting 33.wav with 33 syllables...
Plotting 34.wav with 75 syllables...
Plotting 35.wav with 20 syllables...
Plotting 36.wav with 86 syllables...
Plotting 37.wav with 63 syllables...
Plotting 38.wav with 134 syllables...
Plotting 39.wav with 52 syllables...
Plotting 4.wav with 13 syllables...
Plotting 40.wav with 33 syllables...
Plotting 41.wav with 40 syllables...
Plotting 42.wav with 37 syllables...
Plotting 43.wav with 73 syllables...
Plotting 44.wav with 15 syllables...
Plotting 45.wav with 23 syllables...
Plotting 46.wav with 32 syllables...
Plotting 47.wav with 12 syllables...
Plotting 48.wav with 20 syllables...
Plotting 49.wav with 77 syllables...
Plotting 5.wav with 44 syllables...
Plotting 50.wav with 38 syllables...
Plotting 51.wav with 23 syllables...
Plotting 52.wav with 41 syllables...
Plotting 53.wav with 19 syllables...
Plotting 54.wav with 37 syllables...
Plotting 55.wav with 48 syllables...
Plotting 56.wav with 30 syllables...
Plotting 57.wav with 20 syllables...
Plotting 58.wav with 68 syllables...
Plotting 59.wav with 44 syllables...
Plotting 6.wav with 52 syllables...
Plotting 60.wav with 30 syllables...
Plotting 61.wav with 23 syllables...
Plotting 62.wav with 17 syllables...
Plotting 63.wav with 110 syllables...
Plotting 64.wav with 35 syllables...
Plotting 65.wav with 86 syllables...
Plotting 66.wav with 55 syllables...
Plotting 67.wav with 52 syllables...
Plotting 68.wav with 46 syllables...
Plotting 69.wav with 25 syllables...
Plotting 7.wav with 46 syllables...
Plotting 70.wav with 26 syllables...
Plotting 71.wav with 30 syllables...
Plotting 72.wav with 13 syllables...
Plotting 73.wav with 11 syllables...
Plotting 74.wav with 43 syllables...
Plotting 75.wav with 81 syllables...
Plotting 76.wav with 64 syllables...
Plotting 77.wav with 152 syllables...
Plotting 78.wav with 14 syllables...
Plotting 79.wav with 18 syllables...
Plotting 8.wav with 37 syllables...
Plotting 80.wav with 22 syllables...
Plotting 81.wav with 16 syllables...
Plotting 82.wav with 14 syllables...
Plotting 83.wav with 18 syllables...
Plotting 84.wav with 18 syllables...
Plotting 85.wav with 27 syllables...
Plotting 86.wav with 20 syllables...
Plotting 87.wav with 15 syllables...
Plotting 88.wav with 36 syllables...
Plotting 89.wav with 44 syllables...
Plotting 9.wav with 15 syllables...
Plotting 90.wav with 60 syllables...
Plotting 91.wav with 43 syllables...
Plotting 92.wav with 35 syllables...
Plotting 93.wav with 38 syllables...
Plotting 94.wav with 22 syllables...
Plotting 95.wav with 28 syllables...
Plotting 96.wav with 18 syllables...
Plotting 97.wav with 20 syllables...
Plotting 98.wav with 15 syllables...
Plotting 99.wav with 15 syllables...

--- Processing comparison/mapping/processed_xml_annotations.pkl ---
Plotting 119.wav with 20 syllables...
Plotting 110.wav with 57 syllables...
Plotting 84.wav with 16 syllables...
Plotting 92.wav with 35 syllables...
Plotting 66.wav with 56 syllables...
Plotting 38.wav with 133 syllables...
Plotting 36.wav with 88 syllables...
Plotting 44.wav with 15 syllables...
Plotting 139.wav with 28 syllables...
Plotting 64.wav with 36 syllables...
Plotting 9.wav with 14 syllables...
Plotting 135.wav with 28 syllables...
Plotting 2.wav with 17 syllables...
Plotting 0.wav with 19 syllables...
Plotting 74.wav with 44 syllables...
Plotting 60.wav with 28 syllables...
Plotting 49.wav with 79 syllables...
Plotting 87.wav with 15 syllables...
Plotting 118.wav with 52 syllables...
Plotting 128.wav with 26 syllables...
Plotting 70.wav with 27 syllables...
Plotting 81.wav with 14 syllables...
Plotting 47.wav with 10 syllables...
Plotting 8.wav with 34 syllables...
Plotting 97.wav with 20 syllables...
Plotting 23.wav with 15 syllables...
Plotting 99.wav with 15 syllables...
Plotting 78.wav with 12 syllables...
Plotting 73.wav with 11 syllables...
Plotting 45.wav with 26 syllables...
Plotting 15.wav with 50 syllables...
Plotting 12.wav with 37 syllables...
Plotting 121.wav with 12 syllables...
Plotting 11.wav with 56 syllables...
Plotting 120.wav with 76 syllables...
Plotting 41.wav with 37 syllables...
Plotting 77.wav with 154 syllables...
Plotting 13.wav with 28 syllables...
Plotting 27.wav with 24 syllables...
Plotting 58.wav with 70 syllables...
Plotting 108.wav with 35 syllables...
Plotting 76.wav with 65 syllables...
Plotting 19.wav with 36 syllables...
Plotting 79.wav with 17 syllables...
Plotting 94.wav with 19 syllables...
Plotting 124.wav with 14 syllables...
Plotting 122.wav with 21 syllables...
Plotting 90.wav with 60 syllables...
Plotting 127.wav with 29 syllables...
Plotting 63.wav with 112 syllables...
Plotting 56.wav with 30 syllables...
Plotting 123.wav with 20 syllables...
Plotting 61.wav with 26 syllables...
Plotting 21.wav with 11 syllables...
Plotting 138.wav with 17 syllables...
Plotting 91.wav with 39 syllables...
Plotting 24.wav with 14 syllables...
Plotting 109.wav with 23 syllables...
Plotting 31.wav with 37 syllables...
Plotting 39.wav with 49 syllables...
Plotting 113.wav with 49 syllables...
Plotting 20.wav with 45 syllables...
Plotting 68.wav with 45 syllables...
Plotting 101.wav with 22 syllables...
Plotting 111.wav with 71 syllables...
Plotting 126.wav with 30 syllables...
Plotting 134.wav with 24 syllables...
Plotting 86.wav with 19 syllables...
Plotting 131.wav with 8 syllables...
Plotting 72.wav with 13 syllables...
Plotting 7.wav with 47 syllables...
Plotting 117.wav with 31 syllables...
Plotting 133.wav with 28 syllables...
Plotting 57.wav with 20 syllables...
Plotting 62.wav with 18 syllables...
Plotting 105.wav with 19 syllables...
Plotting 104.wav with 35 syllables...
Plotting 116.wav with 41 syllables...
Plotting 5.wav with 49 syllables...
Plotting 43.wav with 73 syllables...
Plotting 26.wav with 33 syllables...
Plotting 29.wav with 16 syllables...
Plotting 114.wav with 17 syllables...
Plotting 69.wav with 22 syllables...
Plotting 137.wav with 15 syllables...
Plotting 3.wav with 13 syllables...
Plotting 40.wav with 33 syllables...
Plotting 88.wav with 37 syllables...
Plotting 107.wav with 14 syllables...
Plotting 67.wav with 51 syllables...
Plotting 54.wav with 39 syllables...
Plotting 82.wav with 16 syllables...
Plotting 35.wav with 19 syllables...
Plotting 46.wav with 33 syllables...
Plotting 37.wav with 66 syllables...
Plotting 42.wav with 36 syllables...
Plotting 141.wav with 16 syllables...
Plotting 102.wav with 34 syllables...
Plotting 80.wav with 22 syllables...
Plotting 17.wav with 54 syllables...
Plotting 93.wav with 34 syllables...
Plotting 96.wav with 20 syllables...
Plotting 14.wav with 86 syllables...
Plotting 85.wav with 28 syllables...
Plotting 52.wav with 43 syllables...
Plotting 106.wav with 18 syllables...
Plotting 98.wav with 16 syllables...
Plotting 89.wav with 44 syllables...
Plotting 103.wav with 21 syllables...
Plotting 1.wav with 51 syllables...
Plotting 32.wav with 48 syllables...
Plotting 125.wav with 42 syllables...
Plotting 25.wav with 44 syllables...
Plotting 95.wav with 28 syllables...
Plotting 34.wav with 79 syllables...
Plotting 112.wav with 75 syllables...
Plotting 10.wav with 33 syllables...
Plotting 18.wav with 50 syllables...
Plotting 132.wav with 19 syllables...
Plotting 140.wav with 13 syllables...
Plotting 33.wav with 39 syllables...
Plotting 83.wav with 18 syllables...
Plotting 136.wav with 29 syllables...
Plotting 50.wav with 37 syllables...
Plotting 75.wav with 78 syllables...
Plotting 71.wav with 26 syllables...
Plotting 59.wav with 46 syllables...
Plotting 53.wav with 17 syllables...
Plotting 51.wav with 21 syllables...
Plotting 55.wav with 49 syllables...
Plotting 6.wav with 46 syllables...
Plotting 28.wav with 16 syllables...
Plotting 48.wav with 22 syllables...
Plotting 22.wav with 27 syllables...
Plotting 115.wav with 8 syllables...
Plotting 130.wav with 20 syllables...
Plotting 30.wav with 37 syllables...
Plotting 100.wav with 10 syllables...
Plotting 4.wav with 10 syllables...
Plotting 129.wav with 26 syllables...
Plotting 65.wav with 89 syllables...
Plotting 16.wav with 40 syllables...
Job for Bird8 complete!
