000 (6012067.007.000) 2026-08-10 10:57:57 Job submitted from host: <128.105.68.113:9618?addrs=128.105.68.113-9618+[2607-f388-2200-100-eaeb-d3ff-fea7-d05e]-9618&alias=ap2002.chtc.wisc.edu&noUDP&sock=schedd_7808_378f>
    [ JobBatchName = "birdsong_comparison" ]
...
040 (6012067.007.000) 2026-08-10 13:40:06 Started transferring input files
	Transferring to host: <128.105.69.101:9618?addrs=128.105.69.101-9618+[2607-f388-2200-100-1270-fdff-fe56-bae4]-9618&alias=e4012.chtc.wisc.edu&noUDP&sock=slot1_78_1861536_43ac_13868>
...
040 (6012067.007.000) 2026-08-10 13:45:27 Finished transferring input files
...
001 (6012067.007.000) 2026-08-10 13:45:28 Job executing on host: <128.105.69.101:9618?addrs=128.105.69.101-9618+[2607-f388-2200-100-1270-fdff-fe56-bae4]-9618&alias=e4012.chtc.wisc.edu&noUDP&sock=startd_14789_9a35>
	SlotName: slot1_78@e4012.chtc.wisc.edu
	CondorScratchDir = "/var/lib/condor/execute/slot1/dir_789105/scratch"
	Cpus = 1
	Disk = 209715200
	GPUs = 0
	IoHeavy = 0
	Memory = 20480
...
006 (6012067.007.000) 2026-08-10 13:45:36 Image size of job updated: 46
	46  -  MemoryUsage of job (MB)
	47428  -  ResidentSetSize of job (KB)
...
006 (6012067.007.000) 2026-08-10 13:50:36 Image size of job updated: 85
	85  -  MemoryUsage of job (MB)
	87040  -  ResidentSetSize of job (KB)
...
006 (6012067.007.000) 2026-08-10 14:00:37 Image size of job updated: 2870
	2870  -  MemoryUsage of job (MB)
	2939712  -  ResidentSetSize of job (KB)
...
006 (6012067.007.000) 2026-08-10 14:05:37 Image size of job updated: 2870
	2870  -  MemoryUsage of job (MB)
	2939716  -  ResidentSetSize of job (KB)
...
040 (6012067.007.000) 2026-08-10 15:46:09 Started transferring output files
...
040 (6012067.007.000) 2026-08-10 15:48:16 Finished transferring output files
...
005 (6012067.007.000) 2026-08-10 15:48:26 Job terminated.
	(1) Normal termination (return value 0)
		Usr 0 01:41:25, Sys 0 00:17:08  -  Run Remote Usage
		Usr 0 00:00:00, Sys 0 00:00:00  -  Run Local Usage
		Usr 0 01:41:25, Sys 0 00:17:08  -  Total Remote Usage
		Usr 0 00:00:00, Sys 0 00:00:00  -  Total Local Usage
	5591752907  -  Run Bytes Sent By Job
	33603831954  -  Run Bytes Received By Job
	5591752907  -  Total Bytes Sent By Job
	33603831954  -  Total Bytes Received By Job
	Partitionable Resources :       Usage   Request Allocated 
	   Cpus                 :        0.00         1         1 
	   Disk (KB)            : 84762856    209715200 209715200 
	   GPUs                 :                               0 
	   IoHeavy              :                               0 
	   Memory (MB)          :     2870        20480     20480 
	   TimeExecute (s)      :     7240                        
	   TimeSlotBusy (s)     :     7691                        
...
000 (6013147.007.000) 2026-08-10 16:22:39 Job submitted from host: <128.105.68.113:9618?addrs=128.105.68.113-9618+[2607-f388-2200-100-eaeb-d3ff-fea7-d05e]-9618&alias=ap2002.chtc.wisc.edu&noUDP&sock=schedd_7808_378f>
    [ JobBatchName = "birdsong_comparison" ]
...
040 (6013147.007.000) 2026-08-10 18:08:53 Started transferring input files
	Transferring to host: <128.105.69.101:9618?addrs=128.105.69.101-9618+[2607-f388-2200-100-1270-fdff-fe56-bae4]-9618&alias=e4012.chtc.wisc.edu&noUDP&sock=slot1_4_1861536_43ac_14384>
...
040 (6013147.007.000) 2026-08-10 18:13:09 Finished transferring input files
...
001 (6013147.007.000) 2026-08-10 18:13:10 Job executing on host: <128.105.69.101:9618?addrs=128.105.69.101-9618+[2607-f388-2200-100-1270-fdff-fe56-bae4]-9618&alias=e4012.chtc.wisc.edu&noUDP&sock=startd_14789_9a35>
	SlotName: slot1_4@e4012.chtc.wisc.edu
	CondorScratchDir = "/var/lib/condor/execute/slot1/dir_1182372/scratch"
	Cpus = 1
	Disk = 209715200
	GPUs = 0
	IoHeavy = 0
	Memory = 20480
...
006 (6013147.007.000) 2026-08-10 18:13:18 Image size of job updated: 59
	59  -  MemoryUsage of job (MB)
	61080  -  ResidentSetSize of job (KB)
...
006 (6013147.007.000) 2026-08-10 18:18:19 Image size of job updated: 107
	107  -  MemoryUsage of job (MB)
	109616  -  ResidentSetSize of job (KB)
...
006 (6013147.007.000) 2026-08-10 18:28:19 Image size of job updated: 2974
	2974  -  MemoryUsage of job (MB)
	3045400  -  ResidentSetSize of job (KB)
...
040 (6013147.007.000) 2026-08-10 20:11:10 Started transferring output files
...
040 (6013147.007.000) 2026-08-10 20:13:19 Finished transferring output files
...
005 (6013147.007.000) 2026-08-10 20:13:30 Job terminated.
	(1) Normal termination (return value 0)
		Usr 0 01:39:38, Sys 0 00:16:35  -  Run Remote Usage
		Usr 0 00:00:00, Sys 0 00:00:00  -  Run Local Usage
		Usr 0 01:39:38, Sys 0 00:16:35  -  Total Remote Usage
		Usr 0 00:00:00, Sys 0 00:00:00  -  Total Local Usage
	5591747982  -  Run Bytes Sent By Job
	33603832526  -  Run Bytes Received By Job
	5591747982  -  Total Bytes Sent By Job
	33603832526  -  Total Bytes Received By Job
	Partitionable Resources :       Usage   Request Allocated 
	   Cpus                 :        0.32         1         1 
	   Disk (KB)            : 84762840    209715200 209715200 
	   GPUs                 :                               0 
	   IoHeavy              :                               0 
	   Memory (MB)          :     2974        20480     20480 
	   TimeExecute (s)      :     7078                        
	   TimeSlotBusy (s)     :     7467                        
...
