000 (6012067.001.000) 2026-08-10 10:57:57 Job submitted from host: <128.105.68.113:9618?addrs=128.105.68.113-9618+[2607-f388-2200-100-eaeb-d3ff-fea7-d05e]-9618&alias=ap2002.chtc.wisc.edu&noUDP&sock=schedd_7808_378f>
    [ JobBatchName = "birdsong_comparison" ]
...
040 (6012067.001.000) 2026-08-10 11:41:09 Started transferring input files
	Transferring to host: <128.105.69.163:9618?addrs=128.105.69.163-9618+[2607-f388-2200-100-1270-fdff-fe56-c6f4]-9618&alias=e4096.chtc.wisc.edu&noUDP&sock=slot1_13_1300749_1778_54421>
...
040 (6012067.001.000) 2026-08-10 11:45:32 Finished transferring input files
...
001 (6012067.001.000) 2026-08-10 11:45:32 Job executing on host: <128.105.69.163:9618?addrs=128.105.69.163-9618+[2607-f388-2200-100-1270-fdff-fe56-c6f4]-9618&alias=e4096.chtc.wisc.edu&noUDP&sock=startd_10837_dbed>
	SlotName: slot1_13@e4096.chtc.wisc.edu
	CondorScratchDir = "/var/lib/condor/execute/slot1/dir_679366/scratch"
	Cpus = 1
	Disk = 209715200
	GPUs = 0
	IoHeavy = 0
	Memory = 20480
...
006 (6012067.001.000) 2026-08-10 11:45:41 Image size of job updated: 66
	66  -  MemoryUsage of job (MB)
	68216  -  ResidentSetSize of job (KB)
...
006 (6012067.001.000) 2026-08-10 11:50:42 Image size of job updated: 85
	85  -  MemoryUsage of job (MB)
	87940  -  ResidentSetSize of job (KB)
...
006 (6012067.001.000) 2026-08-10 11:55:43 Image size of job updated: 4934
	4934  -  MemoryUsage of job (MB)
	5053272  -  ResidentSetSize of job (KB)
...
006 (6012067.001.000) 2026-08-10 12:00:45 Image size of job updated: 4962
	4962  -  MemoryUsage of job (MB)
	5081836  -  ResidentSetSize of job (KB)
...
040 (6012067.001.000) 2026-08-10 13:30:24 Started transferring output files
...
040 (6012067.001.000) 2026-08-10 13:30:55 Finished transferring output files
...
005 (6012067.001.000) 2026-08-10 13:31:05 Job terminated.
	(1) Normal termination (return value 0)
		Usr 0 01:31:41, Sys 0 00:09:12  -  Run Remote Usage
		Usr 0 00:00:00, Sys 0 00:00:00  -  Run Local Usage
		Usr 0 01:31:41, Sys 0 00:09:12  -  Total Remote Usage
		Usr 0 00:00:00, Sys 0 00:00:00  -  Total Local Usage
	6646059974  -  Run Bytes Sent By Job
	34015462171  -  Run Bytes Received By Job
	6646059974  -  Total Bytes Sent By Job
	34015462171  -  Total Bytes Received By Job
	Partitionable Resources :       Usage   Request Allocated 
	   Cpus                 :        0.00         1         1 
	   Disk (KB)            : 87932248    209715200 209715200 
	   GPUs                 :                               0 
	   IoHeavy              :                               0 
	   Memory (MB)          :     4962        20480     20480 
	   TimeExecute (s)      :     6291                        
	   TimeSlotBusy (s)     :     6587                        
...
000 (6013147.001.000) 2026-08-10 16:22:39 Job submitted from host: <128.105.68.113:9618?addrs=128.105.68.113-9618+[2607-f388-2200-100-eaeb-d3ff-fea7-d05e]-9618&alias=ap2002.chtc.wisc.edu&noUDP&sock=schedd_7808_378f>
    [ JobBatchName = "birdsong_comparison" ]
...
040 (6013147.001.000) 2026-08-10 16:25:58 Started transferring input files
	Transferring to host: <128.105.69.223:9618?addrs=128.105.69.223-9618+[2607-f388-2200-100-eaeb-d3ff-fe3f-fef4]-9618&alias=e2606.chtc.wisc.edu&noUDP&sock=slot1_109_1940581_9e1a_50162>
...
040 (6013147.001.000) 2026-08-10 16:30:35 Finished transferring input files
...
001 (6013147.001.000) 2026-08-10 16:30:44 Job executing on host: <128.105.69.223:9618?addrs=128.105.69.223-9618+[2607-f388-2200-100-eaeb-d3ff-fe3f-fef4]-9618&alias=e2606.chtc.wisc.edu&noUDP&sock=startd_14921_24b5>
	SlotName: slot1_109@e2606.chtc.wisc.edu
	CondorScratchDir = "/var/lib/condor/execute/slot1/dir_1243783/scratch"
	Cpus = 1
	Disk = 209715200
	GPUs = 0
	IoHeavy = 0
	Memory = 20480
...
006 (6013147.001.000) 2026-08-10 16:35:44 Image size of job updated: 85
	85  -  MemoryUsage of job (MB)
	87308  -  ResidentSetSize of job (KB)
...
006 (6013147.001.000) 2026-08-10 16:45:46 Image size of job updated: 4926
	4926  -  MemoryUsage of job (MB)
	5044924  -  ResidentSetSize of job (KB)
...
006 (6013147.001.000) 2026-08-10 16:50:46 Image size of job updated: 4941
	4941  -  MemoryUsage of job (MB)
	5060596  -  ResidentSetSize of job (KB)
...
040 (6013147.001.000) 2026-08-10 18:55:37 Started transferring output files
...
040 (6013147.001.000) 2026-08-10 18:58:18 Finished transferring output files
...
005 (6013147.001.000) 2026-08-10 18:58:29 Job terminated.
	(1) Normal termination (return value 0)
		Usr 0 01:54:31, Sys 0 00:22:21  -  Run Remote Usage
		Usr 0 00:00:00, Sys 0 00:00:00  -  Run Local Usage
		Usr 0 01:54:31, Sys 0 00:22:21  -  Total Remote Usage
		Usr 0 00:00:00, Sys 0 00:00:00  -  Total Local Usage
	6646064009  -  Run Bytes Sent By Job
	34015462934  -  Run Bytes Received By Job
	6646064009  -  Total Bytes Sent By Job
	34015462934  -  Total Bytes Received By Job
	Partitionable Resources :       Usage   Request Allocated 
	   Cpus                 :        0.00         1         1 
	   Disk (KB)            : 87884828    209715200 209715200 
	   GPUs                 :                               0 
	   IoHeavy              :                               0 
	   Memory (MB)          :     4941        20480     20480 
	   TimeExecute (s)      :     8546                        
	   TimeSlotBusy (s)     :     9141                        
...
