000 (6012067.008.000) 2026-08-10 10:57:57 Job submitted from host: <128.105.68.113:9618?addrs=128.105.68.113-9618+[2607-f388-2200-100-eaeb-d3ff-fea7-d05e]-9618&alias=ap2002.chtc.wisc.edu&noUDP&sock=schedd_7808_378f>
    [ JobBatchName = "birdsong_comparison" ]
...
040 (6012067.008.000) 2026-08-10 13:44:43 Started transferring input files
	Transferring to host: <128.105.69.157:9618?addrs=128.105.69.157-9618+[2607-f388-2200-100-1270-fdff-fe56-c3a4]-9618&alias=e4090.chtc.wisc.edu&noUDP&sock=slot1_106_2631756_ee85_14959>
...
040 (6012067.008.000) 2026-08-10 13:48:57 Finished transferring input files
...
001 (6012067.008.000) 2026-08-10 13:48:58 Job executing on host: <128.105.69.157:9618?addrs=128.105.69.157-9618+[2607-f388-2200-100-1270-fdff-fe56-c3a4]-9618&alias=e4090.chtc.wisc.edu&noUDP&sock=startd_10743_6206>
	SlotName: slot1_106@e4090.chtc.wisc.edu
	CondorScratchDir = "/var/lib/condor/execute/slot1/dir_3974535/scratch"
	Cpus = 1
	Disk = 209715200
	GPUs = 0
	IoHeavy = 0
	Memory = 20480
...
006 (6012067.008.000) 2026-08-10 13:49:06 Image size of job updated: 68
	68  -  MemoryUsage of job (MB)
	70500  -  ResidentSetSize of job (KB)
...
006 (6012067.008.000) 2026-08-10 13:54:06 Image size of job updated: 107
	107  -  MemoryUsage of job (MB)
	109712  -  ResidentSetSize of job (KB)
...
006 (6012067.008.000) 2026-08-10 14:04:08 Image size of job updated: 1055
	1055  -  MemoryUsage of job (MB)
	1081340  -  ResidentSetSize of job (KB)
...
006 (6012067.008.000) 2026-08-10 14:09:08 Image size of job updated: 1337
	1337  -  MemoryUsage of job (MB)
	1369972  -  ResidentSetSize of job (KB)
...
040 (6012067.008.000) 2026-08-10 14:28:36 Started transferring output files
...
040 (6012067.008.000) 2026-08-10 14:28:45 Finished transferring output files
...
005 (6012067.008.000) 2026-08-10 14:28:55 Job terminated.
	(1) Normal termination (return value 0)
		Usr 0 00:29:57, Sys 0 00:05:48  -  Run Remote Usage
		Usr 0 00:00:00, Sys 0 00:00:00  -  Run Local Usage
		Usr 0 00:29:57, Sys 0 00:05:48  -  Total Remote Usage
		Usr 0 00:00:00, Sys 0 00:00:00  -  Total Local Usage
	1484329645  -  Run Bytes Sent By Job
	33239002547  -  Run Bytes Received By Job
	1484329645  -  Total Bytes Sent By Job
	33239002547  -  Total Bytes Received By Job
	Partitionable Resources :       Usage   Request Allocated 
	   Cpus                 :        0.00         1         1 
	   Disk (KB)            : 75200240    209715200 209715200 
	   GPUs                 :                               0 
	   IoHeavy              :                               0 
	   Memory (MB)          :     1337        20480     20480 
	   TimeExecute (s)      :     2377                        
	   TimeSlotBusy (s)     :     2643                        
...
000 (6013147.008.000) 2026-08-10 16:22:39 Job submitted from host: <128.105.68.113:9618?addrs=128.105.68.113-9618+[2607-f388-2200-100-eaeb-d3ff-fea7-d05e]-9618&alias=ap2002.chtc.wisc.edu&noUDP&sock=schedd_7808_378f>
    [ JobBatchName = "birdsong_comparison" ]
...
040 (6013147.008.000) 2026-08-10 18:23:38 Started transferring input files
	Transferring to host: <128.105.69.103:9618?addrs=128.105.69.103-9618+[2607-f388-2200-100-1270-fdff-fe56-4614]-9618&alias=e4031.chtc.wisc.edu&noUDP&sock=slot1_17_3538704_d815_52851>
...
040 (6013147.008.000) 2026-08-10 18:26:12 Finished transferring input files
...
001 (6013147.008.000) 2026-08-10 18:26:13 Job executing on host: <128.105.69.103:9618?addrs=128.105.69.103-9618+[2607-f388-2200-100-1270-fdff-fe56-4614]-9618&alias=e4031.chtc.wisc.edu&noUDP&sock=startd_14737_ef48>
	SlotName: slot1_17@e4031.chtc.wisc.edu
	CondorScratchDir = "/var/lib/condor/execute/slot1/dir_575986/scratch"
	Cpus = 1
	Disk = 209715200
	GPUs = 0
	IoHeavy = 0
	Memory = 20480
...
006 (6013147.008.000) 2026-08-10 18:26:22 Image size of job updated: 65
	65  -  MemoryUsage of job (MB)
	66792  -  ResidentSetSize of job (KB)
...
006 (6013147.008.000) 2026-08-10 18:31:23 Image size of job updated: 92
	92  -  MemoryUsage of job (MB)
	94256  -  ResidentSetSize of job (KB)
...
006 (6013147.008.000) 2026-08-10 18:36:24 Image size of job updated: 903
	903  -  MemoryUsage of job (MB)
	924996  -  ResidentSetSize of job (KB)
...
006 (6013147.008.000) 2026-08-10 18:41:25 Image size of job updated: 1245
	1245  -  MemoryUsage of job (MB)
	1275568  -  ResidentSetSize of job (KB)
...
040 (6013147.008.000) 2026-08-10 19:09:48 Started transferring output files
...
040 (6013147.008.000) 2026-08-10 19:10:22 Finished transferring output files
...
005 (6013147.008.000) 2026-08-10 19:10:32 Job terminated.
	(1) Normal termination (return value 0)
		Usr 0 00:36:19, Sys 0 00:07:20  -  Run Remote Usage
		Usr 0 00:00:00, Sys 0 00:00:00  -  Run Local Usage
		Usr 0 00:36:19, Sys 0 00:07:20  -  Total Remote Usage
		Usr 0 00:00:00, Sys 0 00:00:00  -  Total Local Usage
	1484332781  -  Run Bytes Sent By Job
	33239003119  -  Run Bytes Received By Job
	1484332781  -  Total Bytes Sent By Job
	33239003119  -  Total Bytes Received By Job
	Partitionable Resources :       Usage   Request Allocated 
	   Cpus                 :        0.00         1         1 
	   Disk (KB)            : 75199472    209715200 209715200 
	   GPUs                 :                               0 
	   IoHeavy              :                               0 
	   Memory (MB)          :     1245        20480     20480 
	   TimeExecute (s)      :     2614                        
	   TimeSlotBusy (s)     :     2805                        
...
