000 (6012067.000.000) 2026-08-10 10:57:57 Job submitted from host: <128.105.68.113:9618?addrs=128.105.68.113-9618+[2607-f388-2200-100-eaeb-d3ff-fea7-d05e]-9618&alias=ap2002.chtc.wisc.edu&noUDP&sock=schedd_7808_378f>
    [ JobBatchName = "birdsong_comparison" ]
...
040 (6012067.000.000) 2026-08-10 11:10:28 Started transferring input files
	Transferring to host: <128.105.69.133:9618?addrs=128.105.69.133-9618+[2607-f388-2200-100-1270-fdff-fe56-70f4]-9618&alias=e4082.chtc.wisc.edu&noUDP&sock=slot1_4_3885077_f4fa_13714>
...
040 (6012067.000.000) 2026-08-10 11:15:28 Finished transferring input files
...
001 (6012067.000.000) 2026-08-10 11:15:29 Job executing on host: <128.105.69.133:9618?addrs=128.105.69.133-9618+[2607-f388-2200-100-1270-fdff-fe56-70f4]-9618&alias=e4082.chtc.wisc.edu&noUDP&sock=startd_10694_c5e2>
	SlotName: slot1_4@e4082.chtc.wisc.edu
	CondorScratchDir = "/var/lib/condor/execute/slot1/dir_628099/scratch"
	Cpus = 1
	Disk = 209715200
	GPUs = 0
	IoHeavy = 0
	Memory = 20480
...
006 (6012067.000.000) 2026-08-10 11:15:37 Image size of job updated: 66
	66  -  MemoryUsage of job (MB)
	68380  -  ResidentSetSize of job (KB)
...
006 (6012067.000.000) 2026-08-10 11:20:37 Image size of job updated: 85
	85  -  MemoryUsage of job (MB)
	88032  -  ResidentSetSize of job (KB)
...
006 (6012067.000.000) 2026-08-10 11:25:37 Image size of job updated: 1255
	1255  -  MemoryUsage of job (MB)
	1285372  -  ResidentSetSize of job (KB)
...
006 (6012067.000.000) 2026-08-10 11:40:37 Image size of job updated: 1316
	1316  -  MemoryUsage of job (MB)
	1347736  -  ResidentSetSize of job (KB)
...
040 (6012067.000.000) 2026-08-10 11:59:16 Started transferring output files
...
040 (6012067.000.000) 2026-08-10 11:59:26 Finished transferring output files
...
005 (6012067.000.000) 2026-08-10 11:59:36 Job terminated.
	(1) Normal termination (return value 0)
		Usr 0 00:32:19, Sys 0 00:05:39  -  Run Remote Usage
		Usr 0 00:00:00, Sys 0 00:00:00  -  Run Local Usage
		Usr 0 00:32:19, Sys 0 00:05:39  -  Total Remote Usage
		Usr 0 00:00:00, Sys 0 00:00:00  -  Total Local Usage
	1602779309  -  Run Bytes Sent By Job
	33300936108  -  Run Bytes Received By Job
	1602779309  -  Total Bytes Sent By Job
	33300936108  -  Total Bytes Received By Job
	Partitionable Resources :    Usage   Request Allocated 
	   Cpus                 :        0         1         1 
	   Disk (KB)            : 75603496 209715200 209715200 
	   GPUs                 :                            0 
	   IoHeavy              :                            0 
	   Memory (MB)          :     1316     20480     20480 
	   TimeExecute (s)      :     2625                     
	   TimeSlotBusy (s)     :     2938                     
...
000 (6013147.000.000) 2026-08-10 16:22:39 Job submitted from host: <128.105.68.113:9618?addrs=128.105.68.113-9618+[2607-f388-2200-100-eaeb-d3ff-fea7-d05e]-9618&alias=ap2002.chtc.wisc.edu&noUDP&sock=schedd_7808_378f>
    [ JobBatchName = "birdsong_comparison" ]
...
040 (6013147.000.000) 2026-08-10 16:25:59 Started transferring input files
	Transferring to host: <128.105.69.102:9618?addrs=128.105.69.102-9618+[2607-f388-2200-100-1270-fdff-fe56-cbc4]-9618&alias=e4013.chtc.wisc.edu&noUDP&sock=slot1_10_964537_5290_64633>
...
040 (6013147.000.000) 2026-08-10 16:30:35 Finished transferring input files
...
001 (6013147.000.000) 2026-08-10 16:30:36 Job executing on host: <128.105.69.102:9618?addrs=128.105.69.102-9618+[2607-f388-2200-100-1270-fdff-fe56-cbc4]-9618&alias=e4013.chtc.wisc.edu&noUDP&sock=startd_15172_4efb>
	SlotName: slot1_10@e4013.chtc.wisc.edu
	CondorScratchDir = "/var/lib/condor/execute/slot1/dir_1202104/scratch"
	Cpus = 1
	Disk = 209715200
	GPUs = 0
	IoHeavy = 0
	Memory = 20480
...
006 (6013147.000.000) 2026-08-10 16:30:44 Image size of job updated: 65
	65  -  MemoryUsage of job (MB)
	67564  -  ResidentSetSize of job (KB)
...
006 (6013147.000.000) 2026-08-10 16:35:45 Image size of job updated: 107
	107  -  MemoryUsage of job (MB)
	109656  -  ResidentSetSize of job (KB)
...
006 (6013147.000.000) 2026-08-10 16:45:45 Image size of job updated: 1197
	1197  -  MemoryUsage of job (MB)
	1225848  -  ResidentSetSize of job (KB)
...
006 (6013147.000.000) 2026-08-10 16:50:46 Image size of job updated: 1262
	1262  -  MemoryUsage of job (MB)
	1292692  -  ResidentSetSize of job (KB)
...
006 (6013147.000.000) 2026-08-10 16:55:47 Image size of job updated: 1301
	1301  -  MemoryUsage of job (MB)
	1332748  -  ResidentSetSize of job (KB)
...
040 (6013147.000.000) 2026-08-10 17:18:27 Started transferring output files
...
040 (6013147.000.000) 2026-08-10 17:19:04 Finished transferring output files
...
005 (6013147.000.000) 2026-08-10 17:19:14 Job terminated.
	(1) Normal termination (return value 0)
		Usr 0 00:40:07, Sys 0 00:08:47  -  Run Remote Usage
		Usr 0 00:00:00, Sys 0 00:00:00  -  Run Local Usage
		Usr 0 00:40:07, Sys 0 00:08:47  -  Total Remote Usage
		Usr 0 00:00:00, Sys 0 00:00:00  -  Total Local Usage
	1602773722  -  Run Bytes Sent By Job
	33300936871  -  Run Bytes Received By Job
	1602773722  -  Total Bytes Sent By Job
	33300936871  -  Total Bytes Received By Job
	Partitionable Resources :       Usage   Request Allocated 
	   Cpus                 :        0.00         1         1 
	   Disk (KB)            : 75602720    209715200 209715200 
	   GPUs                 :                               0 
	   IoHeavy              :                               0 
	   Memory (MB)          :     1301        20480     20480 
	   TimeExecute (s)      :     2870                        
	   TimeSlotBusy (s)     :     3186                        
...
