Cloning into 'tweety_bert'...
Error: Input directory '../files/3470165/all_wavs' not found or not a directory.
Traceback (most recent call last):
  File "/var/lib/condor/execute/slot2/dir_934836/scratch/tweety_bert/src/spectogram_generator.py", line 3, in <module>
    import librosa
ModuleNotFoundError: No module named 'librosa'
Traceback (most recent call last):
  File "/var/lib/condor/execute/slot2/dir_934836/scratch/tweety_bert/figure_generation_scripts/dim_reduced_birdsong_plots.py", line 3, in <module>
    import torch
ModuleNotFoundError: No module named 'torch'
Traceback (most recent call last):
  File "/var/lib/condor/execute/slot2/dir_934836/scratch/tweety_bert/src/decoder.py", line 5, in <module>
    import torch
ModuleNotFoundError: No module named 'torch'
Cloning into '/var/lib/condor/execute/slot2/dir_934836/scratch/tweety_bert/song_detector'...
Traceback (most recent call last):
  File "/var/lib/condor/execute/slot2/dir_934836/scratch/tweety_bert/song_detector/src/inference.py", line 10, in <module>
    import librosa
ModuleNotFoundError: No module named 'librosa'
Traceback (most recent call last):
  File "/var/lib/condor/execute/slot2/dir_934836/scratch/tweety_bert/src/inference.py", line 4, in <module>
    import torch
ModuleNotFoundError: No module named 'torch'
Traceback (most recent call last):
  File "/var/lib/condor/execute/slot2/dir_934836/scratch/tweety_bert/src/spectogram_generator.py", line 3, in <module>
    import librosa
ModuleNotFoundError: No module named 'librosa'
Traceback (most recent call last):
  File "/var/lib/condor/execute/slot2/dir_934836/scratch/tweety_bert/figure_generation_scripts/dim_reduced_birdsong_plots.py", line 3, in <module>
    import torch
ModuleNotFoundError: No module named 'torch'
Traceback (most recent call last):
  File "/var/lib/condor/execute/slot2/dir_934836/scratch/tweety_bert/src/decoder.py", line 5, in <module>
    import torch
ModuleNotFoundError: No module named 'torch'
Traceback (most recent call last):
  File "/var/lib/condor/execute/slot2/dir_934836/scratch/tweety_bert/song_detector/src/inference.py", line 10, in <module>
    import librosa
ModuleNotFoundError: No module named 'librosa'
Traceback (most recent call last):
  File "/var/lib/condor/execute/slot2/dir_934836/scratch/tweety_bert/src/inference.py", line 4, in <module>
    import torch
ModuleNotFoundError: No module named 'torch'
Traceback (most recent call last):
  File "/var/lib/condor/execute/slot2/dir_934836/scratch/tweety_bert/src/spectogram_generator.py", line 3, in <module>
    import librosa
ModuleNotFoundError: No module named 'librosa'
Traceback (most recent call last):
  File "/var/lib/condor/execute/slot2/dir_934836/scratch/tweety_bert/figure_generation_scripts/dim_reduced_birdsong_plots.py", line 3, in <module>
    import torch
ModuleNotFoundError: No module named 'torch'
Traceback (most recent call last):
  File "/var/lib/condor/execute/slot2/dir_934836/scratch/tweety_bert/src/decoder.py", line 5, in <module>
    import torch
ModuleNotFoundError: No module named 'torch'
Traceback (most recent call last):
  File "/var/lib/condor/execute/slot2/dir_934836/scratch/tweety_bert/song_detector/src/inference.py", line 10, in <module>
    import librosa
ModuleNotFoundError: No module named 'librosa'
Traceback (most recent call last):
  File "/var/lib/condor/execute/slot2/dir_934836/scratch/tweety_bert/src/inference.py", line 4, in <module>
    import torch
ModuleNotFoundError: No module named 'torch'
Traceback (most recent call last):
  File "/var/lib/condor/execute/slot2/dir_934836/scratch/tweety_bert/src/spectogram_generator.py", line 3, in <module>
    import librosa
ModuleNotFoundError: No module named 'librosa'
Traceback (most recent call last):
  File "/var/lib/condor/execute/slot2/dir_934836/scratch/tweety_bert/figure_generation_scripts/dim_reduced_birdsong_plots.py", line 3, in <module>
    import torch
ModuleNotFoundError: No module named 'torch'
Traceback (most recent call last):
  File "/var/lib/condor/execute/slot2/dir_934836/scratch/tweety_bert/src/decoder.py", line 5, in <module>
    import torch
ModuleNotFoundError: No module named 'torch'
Traceback (most recent call last):
  File "/var/lib/condor/execute/slot2/dir_934836/scratch/tweety_bert/song_detector/src/inference.py", line 10, in <module>
    import librosa
ModuleNotFoundError: No module named 'librosa'
Traceback (most recent call last):
  File "/var/lib/condor/execute/slot2/dir_934836/scratch/tweety_bert/src/inference.py", line 4, in <module>
    import torch
ModuleNotFoundError: No module named 'torch'
Traceback (most recent call last):
  File "/var/lib/condor/execute/slot2/dir_934836/scratch/tweety_bert/src/spectogram_generator.py", line 3, in <module>
    import librosa
ModuleNotFoundError: No module named 'librosa'
Traceback (most recent call last):
  File "/var/lib/condor/execute/slot2/dir_934836/scratch/tweety_bert/figure_generation_scripts/dim_reduced_birdsong_plots.py", line 3, in <module>
    import torch
ModuleNotFoundError: No module named 'torch'
Traceback (most recent call last):
  File "/var/lib/condor/execute/slot2/dir_934836/scratch/tweety_bert/src/decoder.py", line 5, in <module>
    import torch
ModuleNotFoundError: No module named 'torch'
Traceback (most recent call last):
  File "/var/lib/condor/execute/slot2/dir_934836/scratch/tweety_bert/song_detector/src/inference.py", line 10, in <module>
    import librosa
ModuleNotFoundError: No module named 'librosa'
Traceback (most recent call last):
  File "/var/lib/condor/execute/slot2/dir_934836/scratch/tweety_bert/src/inference.py", line 4, in <module>
    import torch
ModuleNotFoundError: No module named 'torch'
Traceback (most recent call last):
  File "/var/lib/condor/execute/slot2/dir_934836/scratch/tweety_bert/src/spectogram_generator.py", line 3, in <module>
    import librosa
ModuleNotFoundError: No module named 'librosa'
Traceback (most recent call last):
  File "/var/lib/condor/execute/slot2/dir_934836/scratch/tweety_bert/figure_generation_scripts/dim_reduced_birdsong_plots.py", line 3, in <module>
    import torch
ModuleNotFoundError: No module named 'torch'
Traceback (most recent call last):
  File "/var/lib/condor/execute/slot2/dir_934836/scratch/tweety_bert/src/decoder.py", line 5, in <module>
    import torch
ModuleNotFoundError: No module named 'torch'
Traceback (most recent call last):
  File "/var/lib/condor/execute/slot2/dir_934836/scratch/tweety_bert/song_detector/src/inference.py", line 10, in <module>
    import librosa
ModuleNotFoundError: No module named 'librosa'
Traceback (most recent call last):
  File "/var/lib/condor/execute/slot2/dir_934836/scratch/tweety_bert/src/inference.py", line 4, in <module>
    import torch
ModuleNotFoundError: No module named 'torch'
Traceback (most recent call last):
  File "/var/lib/condor/execute/slot2/dir_934836/scratch/tweety_bert/src/spectogram_generator.py", line 3, in <module>
    import librosa
ModuleNotFoundError: No module named 'librosa'
Traceback (most recent call last):
  File "/var/lib/condor/execute/slot2/dir_934836/scratch/tweety_bert/figure_generation_scripts/dim_reduced_birdsong_plots.py", line 3, in <module>
    import torch
ModuleNotFoundError: No module named 'torch'
Traceback (most recent call last):
  File "/var/lib/condor/execute/slot2/dir_934836/scratch/tweety_bert/src/decoder.py", line 5, in <module>
    import torch
ModuleNotFoundError: No module named 'torch'
Traceback (most recent call last):
  File "/var/lib/condor/execute/slot2/dir_934836/scratch/tweety_bert/song_detector/src/inference.py", line 10, in <module>
    import librosa
ModuleNotFoundError: No module named 'librosa'
Traceback (most recent call last):
  File "/var/lib/condor/execute/slot2/dir_934836/scratch/tweety_bert/src/inference.py", line 4, in <module>
    import torch
ModuleNotFoundError: No module named 'torch'
Traceback (most recent call last):
  File "/var/lib/condor/execute/slot2/dir_934836/scratch/tweety_bert/src/spectogram_generator.py", line 3, in <module>
    import librosa
ModuleNotFoundError: No module named 'librosa'
Traceback (most recent call last):
  File "/var/lib/condor/execute/slot2/dir_934836/scratch/tweety_bert/figure_generation_scripts/dim_reduced_birdsong_plots.py", line 3, in <module>
    import torch
ModuleNotFoundError: No module named 'torch'
Traceback (most recent call last):
  File "/var/lib/condor/execute/slot2/dir_934836/scratch/tweety_bert/src/decoder.py", line 5, in <module>
    import torch
ModuleNotFoundError: No module named 'torch'
Traceback (most recent call last):
  File "/var/lib/condor/execute/slot2/dir_934836/scratch/tweety_bert/song_detector/src/inference.py", line 10, in <module>
    import librosa
ModuleNotFoundError: No module named 'librosa'
Traceback (most recent call last):
  File "/var/lib/condor/execute/slot2/dir_934836/scratch/tweety_bert/src/inference.py", line 4, in <module>
    import torch
ModuleNotFoundError: No module named 'torch'
Traceback (most recent call last):
  File "/var/lib/condor/execute/slot2/dir_934836/scratch/tweety_bert/src/spectogram_generator.py", line 3, in <module>
    import librosa
ModuleNotFoundError: No module named 'librosa'
Traceback (most recent call last):
  File "/var/lib/condor/execute/slot2/dir_934836/scratch/tweety_bert/figure_generation_scripts/dim_reduced_birdsong_plots.py", line 3, in <module>
    import torch
ModuleNotFoundError: No module named 'torch'
Traceback (most recent call last):
  File "/var/lib/condor/execute/slot2/dir_934836/scratch/tweety_bert/src/decoder.py", line 5, in <module>
    import torch
ModuleNotFoundError: No module named 'torch'
Traceback (most recent call last):
  File "/var/lib/condor/execute/slot2/dir_934836/scratch/tweety_bert/song_detector/src/inference.py", line 10, in <module>
    import librosa
ModuleNotFoundError: No module named 'librosa'
Traceback (most recent call last):
  File "/var/lib/condor/execute/slot2/dir_934836/scratch/tweety_bert/src/inference.py", line 4, in <module>
    import torch
ModuleNotFoundError: No module named 'torch'
Traceback (most recent call last):
  File "/var/lib/condor/execute/slot2/dir_934836/scratch/tweety_bert/src/spectogram_generator.py", line 3, in <module>
    import librosa
ModuleNotFoundError: No module named 'librosa'
Traceback (most recent call last):
  File "/var/lib/condor/execute/slot2/dir_934836/scratch/tweety_bert/figure_generation_scripts/dim_reduced_birdsong_plots.py", line 3, in <module>
    import torch
ModuleNotFoundError: No module named 'torch'
Traceback (most recent call last):
  File "/var/lib/condor/execute/slot2/dir_934836/scratch/tweety_bert/src/decoder.py", line 5, in <module>
    import torch
ModuleNotFoundError: No module named 'torch'
Traceback (most recent call last):
  File "/var/lib/condor/execute/slot2/dir_934836/scratch/tweety_bert/song_detector/src/inference.py", line 10, in <module>
    import librosa
ModuleNotFoundError: No module named 'librosa'
Traceback (most recent call last):
  File "/var/lib/condor/execute/slot2/dir_934836/scratch/tweety_bert/src/inference.py", line 4, in <module>
    import torch
ModuleNotFoundError: No module named 'torch'
Traceback (most recent call last):
  File "/var/lib/condor/execute/slot2/dir_934836/scratch/tweety_bert/src/spectogram_generator.py", line 3, in <module>
    import librosa
ModuleNotFoundError: No module named 'librosa'
Traceback (most recent call last):
  File "/var/lib/condor/execute/slot2/dir_934836/scratch/tweety_bert/figure_generation_scripts/dim_reduced_birdsong_plots.py", line 3, in <module>
    import torch
ModuleNotFoundError: No module named 'torch'
Traceback (most recent call last):
  File "/var/lib/condor/execute/slot2/dir_934836/scratch/tweety_bert/src/decoder.py", line 5, in <module>
    import torch
ModuleNotFoundError: No module named 'torch'
Traceback (most recent call last):
  File "/var/lib/condor/execute/slot2/dir_934836/scratch/tweety_bert/song_detector/src/inference.py", line 10, in <module>
    import librosa
ModuleNotFoundError: No module named 'librosa'
Traceback (most recent call last):
  File "/var/lib/condor/execute/slot2/dir_934836/scratch/tweety_bert/src/inference.py", line 4, in <module>
    import torch
ModuleNotFoundError: No module named 'torch'
