Project Root detected as: /var/lib/condor/execute/slot2/dir_934836/scratch/tweety_bert
Running command: /opt/conda/envs/transformers/bin/python /var/lib/condor/execute/slot2/dir_934836/scratch/tweety_bert/src/spectogram_generator.py --file_list /var/lib/condor/execute/slot2/dir_934836/scratch/tweety_bert/temp_decode/single_mode_files.txt --dst_dir /var/lib/condor/execute/slot2/dir_934836/scratch/tweety_bert/temp_decode/umap_specs --song_detection_json_path None --nfft 1024 --single_threaded false
Running command: /opt/conda/envs/transformers/bin/python /var/lib/condor/execute/slot2/dir_934836/scratch/tweety_bert/figure_generation_scripts/dim_reduced_birdsong_plots.py --experiment_folder /var/lib/condor/execute/slot2/dir_934836/scratch/tweety_bert/experiments/MyTweetyBERTModel --save_name Bird0_decoder --samples 5e5 --raw_spectogram false --state_finding_algorithm HDBSCAN --context 1000 --data_dirs /var/lib/condor/execute/slot2/dir_934836/scratch/tweety_bert/temp_decode/umap_specs
Running command: /opt/conda/envs/transformers/bin/python /var/lib/condor/execute/slot2/dir_934836/scratch/tweety_bert/src/decoder.py --experiment_name MyTweetyBERTModel --bird_name Bird0_decoder --context_length 1000
Running command: git clone https://github.com/georgevenven/tweety_net_song_detector.git /var/lib/condor/execute/slot2/dir_934836/scratch/tweety_bert/song_detector
Running command: /opt/conda/envs/transformers/bin/python /var/lib/condor/execute/slot2/dir_934836/scratch/tweety_bert/song_detector/src/inference.py --mode local_dir --input /var/lib/condor/execute/slot2/dir_934836/scratch/files/3470165/Bird0/Wave --output /var/lib/condor/execute/slot2/dir_934836/scratch/tweety_bert/temp_song_detection_output --step_size 86
Running command: /opt/conda/envs/transformers/bin/python /var/lib/condor/execute/slot2/dir_934836/scratch/tweety_bert/src/inference.py --bird_name Bird0_decoder --wav_dir /var/lib/condor/execute/slot2/dir_934836/scratch/files/3470165/Bird0/Wave --song_detection_json /var/lib/condor/execute/slot2/dir_934836/scratch/tweety_bert/files/Bird0_song_detection.json --apply_post_processing True --window_size 50 --visualize True
Running command: /opt/conda/envs/transformers/bin/python /var/lib/condor/execute/slot2/dir_934836/scratch/tweety_bert/src/spectogram_generator.py --file_list /var/lib/condor/execute/slot2/dir_934836/scratch/tweety_bert/temp_decode/single_mode_files.txt --dst_dir /var/lib/condor/execute/slot2/dir_934836/scratch/tweety_bert/temp_decode/umap_specs --song_detection_json_path None --nfft 1024 --single_threaded false
Running command: /opt/conda/envs/transformers/bin/python /var/lib/condor/execute/slot2/dir_934836/scratch/tweety_bert/figure_generation_scripts/dim_reduced_birdsong_plots.py --experiment_folder /var/lib/condor/execute/slot2/dir_934836/scratch/tweety_bert/experiments/MyTweetyBERTModel --save_name Bird1_decoder --samples 5e5 --raw_spectogram false --state_finding_algorithm HDBSCAN --context 1000 --data_dirs /var/lib/condor/execute/slot2/dir_934836/scratch/tweety_bert/temp_decode/umap_specs
Running command: /opt/conda/envs/transformers/bin/python /var/lib/condor/execute/slot2/dir_934836/scratch/tweety_bert/src/decoder.py --experiment_name MyTweetyBERTModel --bird_name Bird1_decoder --context_length 1000
Running command: /opt/conda/envs/transformers/bin/python /var/lib/condor/execute/slot2/dir_934836/scratch/tweety_bert/song_detector/src/inference.py --mode local_dir --input /var/lib/condor/execute/slot2/dir_934836/scratch/files/3470165/Bird1/Wave --output /var/lib/condor/execute/slot2/dir_934836/scratch/tweety_bert/temp_song_detection_output --step_size 86
Running command: /opt/conda/envs/transformers/bin/python /var/lib/condor/execute/slot2/dir_934836/scratch/tweety_bert/src/inference.py --bird_name Bird1_decoder --wav_dir /var/lib/condor/execute/slot2/dir_934836/scratch/files/3470165/Bird1/Wave --song_detection_json /var/lib/condor/execute/slot2/dir_934836/scratch/tweety_bert/files/Bird1_song_detection.json --apply_post_processing True --window_size 50 --visualize True
Running command: /opt/conda/envs/transformers/bin/python /var/lib/condor/execute/slot2/dir_934836/scratch/tweety_bert/src/spectogram_generator.py --file_list /var/lib/condor/execute/slot2/dir_934836/scratch/tweety_bert/temp_decode/single_mode_files.txt --dst_dir /var/lib/condor/execute/slot2/dir_934836/scratch/tweety_bert/temp_decode/umap_specs --song_detection_json_path None --nfft 1024 --single_threaded false
Running command: /opt/conda/envs/transformers/bin/python /var/lib/condor/execute/slot2/dir_934836/scratch/tweety_bert/figure_generation_scripts/dim_reduced_birdsong_plots.py --experiment_folder /var/lib/condor/execute/slot2/dir_934836/scratch/tweety_bert/experiments/MyTweetyBERTModel --save_name Bird2_decoder --samples 5e5 --raw_spectogram false --state_finding_algorithm HDBSCAN --context 1000 --data_dirs /var/lib/condor/execute/slot2/dir_934836/scratch/tweety_bert/temp_decode/umap_specs
Running command: /opt/conda/envs/transformers/bin/python /var/lib/condor/execute/slot2/dir_934836/scratch/tweety_bert/src/decoder.py --experiment_name MyTweetyBERTModel --bird_name Bird2_decoder --context_length 1000
Running command: /opt/conda/envs/transformers/bin/python /var/lib/condor/execute/slot2/dir_934836/scratch/tweety_bert/song_detector/src/inference.py --mode local_dir --input /var/lib/condor/execute/slot2/dir_934836/scratch/files/3470165/Bird2/Wave --output /var/lib/condor/execute/slot2/dir_934836/scratch/tweety_bert/temp_song_detection_output --step_size 86
Running command: /opt/conda/envs/transformers/bin/python /var/lib/condor/execute/slot2/dir_934836/scratch/tweety_bert/src/inference.py --bird_name Bird2_decoder --wav_dir /var/lib/condor/execute/slot2/dir_934836/scratch/files/3470165/Bird2/Wave --song_detection_json /var/lib/condor/execute/slot2/dir_934836/scratch/tweety_bert/files/Bird2_song_detection.json --apply_post_processing True --window_size 50 --visualize True
Running command: /opt/conda/envs/transformers/bin/python /var/lib/condor/execute/slot2/dir_934836/scratch/tweety_bert/src/spectogram_generator.py --file_list /var/lib/condor/execute/slot2/dir_934836/scratch/tweety_bert/temp_decode/single_mode_files.txt --dst_dir /var/lib/condor/execute/slot2/dir_934836/scratch/tweety_bert/temp_decode/umap_specs --song_detection_json_path None --nfft 1024 --single_threaded false
Running command: /opt/conda/envs/transformers/bin/python /var/lib/condor/execute/slot2/dir_934836/scratch/tweety_bert/figure_generation_scripts/dim_reduced_birdsong_plots.py --experiment_folder /var/lib/condor/execute/slot2/dir_934836/scratch/tweety_bert/experiments/MyTweetyBERTModel --save_name Bird3_decoder --samples 5e5 --raw_spectogram false --state_finding_algorithm HDBSCAN --context 1000 --data_dirs /var/lib/condor/execute/slot2/dir_934836/scratch/tweety_bert/temp_decode/umap_specs
Running command: /opt/conda/envs/transformers/bin/python /var/lib/condor/execute/slot2/dir_934836/scratch/tweety_bert/src/decoder.py --experiment_name MyTweetyBERTModel --bird_name Bird3_decoder --context_length 1000
Running command: /opt/conda/envs/transformers/bin/python /var/lib/condor/execute/slot2/dir_934836/scratch/tweety_bert/song_detector/src/inference.py --mode local_dir --input /var/lib/condor/execute/slot2/dir_934836/scratch/files/3470165/Bird3/Wave --output /var/lib/condor/execute/slot2/dir_934836/scratch/tweety_bert/temp_song_detection_output --step_size 86
Running command: /opt/conda/envs/transformers/bin/python /var/lib/condor/execute/slot2/dir_934836/scratch/tweety_bert/src/inference.py --bird_name Bird3_decoder --wav_dir /var/lib/condor/execute/slot2/dir_934836/scratch/files/3470165/Bird3/Wave --song_detection_json /var/lib/condor/execute/slot2/dir_934836/scratch/tweety_bert/files/Bird3_song_detection.json --apply_post_processing True --window_size 50 --visualize True
Running command: /opt/conda/envs/transformers/bin/python /var/lib/condor/execute/slot2/dir_934836/scratch/tweety_bert/src/spectogram_generator.py --file_list /var/lib/condor/execute/slot2/dir_934836/scratch/tweety_bert/temp_decode/single_mode_files.txt --dst_dir /var/lib/condor/execute/slot2/dir_934836/scratch/tweety_bert/temp_decode/umap_specs --song_detection_json_path None --nfft 1024 --single_threaded false
Running command: /opt/conda/envs/transformers/bin/python /var/lib/condor/execute/slot2/dir_934836/scratch/tweety_bert/figure_generation_scripts/dim_reduced_birdsong_plots.py --experiment_folder /var/lib/condor/execute/slot2/dir_934836/scratch/tweety_bert/experiments/MyTweetyBERTModel --save_name Bird4_decoder --samples 5e5 --raw_spectogram false --state_finding_algorithm HDBSCAN --context 1000 --data_dirs /var/lib/condor/execute/slot2/dir_934836/scratch/tweety_bert/temp_decode/umap_specs
Running command: /opt/conda/envs/transformers/bin/python /var/lib/condor/execute/slot2/dir_934836/scratch/tweety_bert/src/decoder.py --experiment_name MyTweetyBERTModel --bird_name Bird4_decoder --context_length 1000
Running command: /opt/conda/envs/transformers/bin/python /var/lib/condor/execute/slot2/dir_934836/scratch/tweety_bert/song_detector/src/inference.py --mode local_dir --input /var/lib/condor/execute/slot2/dir_934836/scratch/files/3470165/Bird4/Wave --output /var/lib/condor/execute/slot2/dir_934836/scratch/tweety_bert/temp_song_detection_output --step_size 86
Running command: /opt/conda/envs/transformers/bin/python /var/lib/condor/execute/slot2/dir_934836/scratch/tweety_bert/src/inference.py --bird_name Bird4_decoder --wav_dir /var/lib/condor/execute/slot2/dir_934836/scratch/files/3470165/Bird4/Wave --song_detection_json /var/lib/condor/execute/slot2/dir_934836/scratch/tweety_bert/files/Bird4_song_detection.json --apply_post_processing True --window_size 50 --visualize True
Running command: /opt/conda/envs/transformers/bin/python /var/lib/condor/execute/slot2/dir_934836/scratch/tweety_bert/src/spectogram_generator.py --file_list /var/lib/condor/execute/slot2/dir_934836/scratch/tweety_bert/temp_decode/single_mode_files.txt --dst_dir /var/lib/condor/execute/slot2/dir_934836/scratch/tweety_bert/temp_decode/umap_specs --song_detection_json_path None --nfft 1024 --single_threaded false
Running command: /opt/conda/envs/transformers/bin/python /var/lib/condor/execute/slot2/dir_934836/scratch/tweety_bert/figure_generation_scripts/dim_reduced_birdsong_plots.py --experiment_folder /var/lib/condor/execute/slot2/dir_934836/scratch/tweety_bert/experiments/MyTweetyBERTModel --save_name Bird5_decoder --samples 5e5 --raw_spectogram false --state_finding_algorithm HDBSCAN --context 1000 --data_dirs /var/lib/condor/execute/slot2/dir_934836/scratch/tweety_bert/temp_decode/umap_specs
Running command: /opt/conda/envs/transformers/bin/python /var/lib/condor/execute/slot2/dir_934836/scratch/tweety_bert/src/decoder.py --experiment_name MyTweetyBERTModel --bird_name Bird5_decoder --context_length 1000
Running command: /opt/conda/envs/transformers/bin/python /var/lib/condor/execute/slot2/dir_934836/scratch/tweety_bert/song_detector/src/inference.py --mode local_dir --input /var/lib/condor/execute/slot2/dir_934836/scratch/files/3470165/Bird5/Wave --output /var/lib/condor/execute/slot2/dir_934836/scratch/tweety_bert/temp_song_detection_output --step_size 86
Running command: /opt/conda/envs/transformers/bin/python /var/lib/condor/execute/slot2/dir_934836/scratch/tweety_bert/src/inference.py --bird_name Bird5_decoder --wav_dir /var/lib/condor/execute/slot2/dir_934836/scratch/files/3470165/Bird5/Wave --song_detection_json /var/lib/condor/execute/slot2/dir_934836/scratch/tweety_bert/files/Bird5_song_detection.json --apply_post_processing True --window_size 50 --visualize True
Running command: /opt/conda/envs/transformers/bin/python /var/lib/condor/execute/slot2/dir_934836/scratch/tweety_bert/src/spectogram_generator.py --file_list /var/lib/condor/execute/slot2/dir_934836/scratch/tweety_bert/temp_decode/single_mode_files.txt --dst_dir /var/lib/condor/execute/slot2/dir_934836/scratch/tweety_bert/temp_decode/umap_specs --song_detection_json_path None --nfft 1024 --single_threaded false
Running command: /opt/conda/envs/transformers/bin/python /var/lib/condor/execute/slot2/dir_934836/scratch/tweety_bert/figure_generation_scripts/dim_reduced_birdsong_plots.py --experiment_folder /var/lib/condor/execute/slot2/dir_934836/scratch/tweety_bert/experiments/MyTweetyBERTModel --save_name Bird6_decoder --samples 5e5 --raw_spectogram false --state_finding_algorithm HDBSCAN --context 1000 --data_dirs /var/lib/condor/execute/slot2/dir_934836/scratch/tweety_bert/temp_decode/umap_specs
Running command: /opt/conda/envs/transformers/bin/python /var/lib/condor/execute/slot2/dir_934836/scratch/tweety_bert/src/decoder.py --experiment_name MyTweetyBERTModel --bird_name Bird6_decoder --context_length 1000
Running command: /opt/conda/envs/transformers/bin/python /var/lib/condor/execute/slot2/dir_934836/scratch/tweety_bert/song_detector/src/inference.py --mode local_dir --input /var/lib/condor/execute/slot2/dir_934836/scratch/files/3470165/Bird6/Wave --output /var/lib/condor/execute/slot2/dir_934836/scratch/tweety_bert/temp_song_detection_output --step_size 86
Running command: /opt/conda/envs/transformers/bin/python /var/lib/condor/execute/slot2/dir_934836/scratch/tweety_bert/src/inference.py --bird_name Bird6_decoder --wav_dir /var/lib/condor/execute/slot2/dir_934836/scratch/files/3470165/Bird6/Wave --song_detection_json /var/lib/condor/execute/slot2/dir_934836/scratch/tweety_bert/files/Bird6_song_detection.json --apply_post_processing True --window_size 50 --visualize True
Running command: /opt/conda/envs/transformers/bin/python /var/lib/condor/execute/slot2/dir_934836/scratch/tweety_bert/src/spectogram_generator.py --file_list /var/lib/condor/execute/slot2/dir_934836/scratch/tweety_bert/temp_decode/single_mode_files.txt --dst_dir /var/lib/condor/execute/slot2/dir_934836/scratch/tweety_bert/temp_decode/umap_specs --song_detection_json_path None --nfft 1024 --single_threaded false
Running command: /opt/conda/envs/transformers/bin/python /var/lib/condor/execute/slot2/dir_934836/scratch/tweety_bert/figure_generation_scripts/dim_reduced_birdsong_plots.py --experiment_folder /var/lib/condor/execute/slot2/dir_934836/scratch/tweety_bert/experiments/MyTweetyBERTModel --save_name Bird7_decoder --samples 5e5 --raw_spectogram false --state_finding_algorithm HDBSCAN --context 1000 --data_dirs /var/lib/condor/execute/slot2/dir_934836/scratch/tweety_bert/temp_decode/umap_specs
Running command: /opt/conda/envs/transformers/bin/python /var/lib/condor/execute/slot2/dir_934836/scratch/tweety_bert/src/decoder.py --experiment_name MyTweetyBERTModel --bird_name Bird7_decoder --context_length 1000
Running command: /opt/conda/envs/transformers/bin/python /var/lib/condor/execute/slot2/dir_934836/scratch/tweety_bert/song_detector/src/inference.py --mode local_dir --input /var/lib/condor/execute/slot2/dir_934836/scratch/files/3470165/Bird7/Wave --output /var/lib/condor/execute/slot2/dir_934836/scratch/tweety_bert/temp_song_detection_output --step_size 86
Running command: /opt/conda/envs/transformers/bin/python /var/lib/condor/execute/slot2/dir_934836/scratch/tweety_bert/src/inference.py --bird_name Bird7_decoder --wav_dir /var/lib/condor/execute/slot2/dir_934836/scratch/files/3470165/Bird7/Wave --song_detection_json /var/lib/condor/execute/slot2/dir_934836/scratch/tweety_bert/files/Bird7_song_detection.json --apply_post_processing True --window_size 50 --visualize True
Running command: /opt/conda/envs/transformers/bin/python /var/lib/condor/execute/slot2/dir_934836/scratch/tweety_bert/src/spectogram_generator.py --file_list /var/lib/condor/execute/slot2/dir_934836/scratch/tweety_bert/temp_decode/single_mode_files.txt --dst_dir /var/lib/condor/execute/slot2/dir_934836/scratch/tweety_bert/temp_decode/umap_specs --song_detection_json_path None --nfft 1024 --single_threaded false
Running command: /opt/conda/envs/transformers/bin/python /var/lib/condor/execute/slot2/dir_934836/scratch/tweety_bert/figure_generation_scripts/dim_reduced_birdsong_plots.py --experiment_folder /var/lib/condor/execute/slot2/dir_934836/scratch/tweety_bert/experiments/MyTweetyBERTModel --save_name Bird8_decoder --samples 5e5 --raw_spectogram false --state_finding_algorithm HDBSCAN --context 1000 --data_dirs /var/lib/condor/execute/slot2/dir_934836/scratch/tweety_bert/temp_decode/umap_specs
Running command: /opt/conda/envs/transformers/bin/python /var/lib/condor/execute/slot2/dir_934836/scratch/tweety_bert/src/decoder.py --experiment_name MyTweetyBERTModel --bird_name Bird8_decoder --context_length 1000
Running command: /opt/conda/envs/transformers/bin/python /var/lib/condor/execute/slot2/dir_934836/scratch/tweety_bert/song_detector/src/inference.py --mode local_dir --input /var/lib/condor/execute/slot2/dir_934836/scratch/files/3470165/Bird8/Wave --output /var/lib/condor/execute/slot2/dir_934836/scratch/tweety_bert/temp_song_detection_output --step_size 86
Running command: /opt/conda/envs/transformers/bin/python /var/lib/condor/execute/slot2/dir_934836/scratch/tweety_bert/src/inference.py --bird_name Bird8_decoder --wav_dir /var/lib/condor/execute/slot2/dir_934836/scratch/files/3470165/Bird8/Wave --song_detection_json /var/lib/condor/execute/slot2/dir_934836/scratch/tweety_bert/files/Bird8_song_detection.json --apply_post_processing True --window_size 50 --visualize True
Running command: /opt/conda/envs/transformers/bin/python /var/lib/condor/execute/slot2/dir_934836/scratch/tweety_bert/src/spectogram_generator.py --file_list /var/lib/condor/execute/slot2/dir_934836/scratch/tweety_bert/temp_decode/single_mode_files.txt --dst_dir /var/lib/condor/execute/slot2/dir_934836/scratch/tweety_bert/temp_decode/umap_specs --song_detection_json_path None --nfft 1024 --single_threaded false
Running command: /opt/conda/envs/transformers/bin/python /var/lib/condor/execute/slot2/dir_934836/scratch/tweety_bert/figure_generation_scripts/dim_reduced_birdsong_plots.py --experiment_folder /var/lib/condor/execute/slot2/dir_934836/scratch/tweety_bert/experiments/MyTweetyBERTModel --save_name Bird9_decoder --samples 5e5 --raw_spectogram false --state_finding_algorithm HDBSCAN --context 1000 --data_dirs /var/lib/condor/execute/slot2/dir_934836/scratch/tweety_bert/temp_decode/umap_specs
Running command: /opt/conda/envs/transformers/bin/python /var/lib/condor/execute/slot2/dir_934836/scratch/tweety_bert/src/decoder.py --experiment_name MyTweetyBERTModel --bird_name Bird9_decoder --context_length 1000
Running command: /opt/conda/envs/transformers/bin/python /var/lib/condor/execute/slot2/dir_934836/scratch/tweety_bert/song_detector/src/inference.py --mode local_dir --input /var/lib/condor/execute/slot2/dir_934836/scratch/files/3470165/Bird9/Wave --output /var/lib/condor/execute/slot2/dir_934836/scratch/tweety_bert/temp_song_detection_output --step_size 86
Running command: /opt/conda/envs/transformers/bin/python /var/lib/condor/execute/slot2/dir_934836/scratch/tweety_bert/src/inference.py --bird_name Bird9_decoder --wav_dir /var/lib/condor/execute/slot2/dir_934836/scratch/files/3470165/Bird9/Wave --song_detection_json /var/lib/condor/execute/slot2/dir_934836/scratch/tweety_bert/files/Bird9_song_detection.json --apply_post_processing True --window_size 50 --visualize True
Running command: /opt/conda/envs/transformers/bin/python /var/lib/condor/execute/slot2/dir_934836/scratch/tweety_bert/src/spectogram_generator.py --file_list /var/lib/condor/execute/slot2/dir_934836/scratch/tweety_bert/temp_decode/single_mode_files.txt --dst_dir /var/lib/condor/execute/slot2/dir_934836/scratch/tweety_bert/temp_decode/umap_specs --song_detection_json_path None --nfft 1024 --single_threaded false
Running command: /opt/conda/envs/transformers/bin/python /var/lib/condor/execute/slot2/dir_934836/scratch/tweety_bert/figure_generation_scripts/dim_reduced_birdsong_plots.py --experiment_folder /var/lib/condor/execute/slot2/dir_934836/scratch/tweety_bert/experiments/MyTweetyBERTModel --save_name Bird10_decoder --samples 5e5 --raw_spectogram false --state_finding_algorithm HDBSCAN --context 1000 --data_dirs /var/lib/condor/execute/slot2/dir_934836/scratch/tweety_bert/temp_decode/umap_specs
Running command: /opt/conda/envs/transformers/bin/python /var/lib/condor/execute/slot2/dir_934836/scratch/tweety_bert/src/decoder.py --experiment_name MyTweetyBERTModel --bird_name Bird10_decoder --context_length 1000
Running command: /opt/conda/envs/transformers/bin/python /var/lib/condor/execute/slot2/dir_934836/scratch/tweety_bert/song_detector/src/inference.py --mode local_dir --input /var/lib/condor/execute/slot2/dir_934836/scratch/files/3470165/Bird10/Wave --output /var/lib/condor/execute/slot2/dir_934836/scratch/tweety_bert/temp_song_detection_output --step_size 86
Running command: /opt/conda/envs/transformers/bin/python /var/lib/condor/execute/slot2/dir_934836/scratch/tweety_bert/src/inference.py --bird_name Bird10_decoder --wav_dir /var/lib/condor/execute/slot2/dir_934836/scratch/files/3470165/Bird10/Wave --song_detection_json /var/lib/condor/execute/slot2/dir_934836/scratch/tweety_bert/files/Bird10_song_detection.json --apply_post_processing True --window_size 50 --visualize True
tweety_bert/
tweety_bert/shell_scripts/
tweety_bert/shell_scripts/train_decoder_multiple_dir.sh
tweety_bert/shell_scripts/llb_umap_generations.sh
tweety_bert/shell_scripts/pretrain.sh
tweety_bert/shell_scripts/inference.sh
tweety_bert/shell_scripts/batch_decoding.sh
tweety_bert/shell_scripts/fold_umap_generation.sh
tweety_bert/shell_scripts/train_decoder.sh
tweety_bert/files/
tweety_bert/files/Bird2.npz
tweety_bert/files/Bird3.npz
tweety_bert/files/Bird4_song_detection.json
tweety_bert/files/Bird0.npz
tweety_bert/files/Bird10_song_detection.json
tweety_bert/files/Bird2_song_detection.json
tweety_bert/files/Bird1.npz
tweety_bert/files/Bird8_song_detection.json
tweety_bert/files/Bird7_song_detection.json
tweety_bert/files/Bird9.npz
tweety_bert/files/Bird5.npz
tweety_bert/files/Bird8.npz
tweety_bert/files/Bird3_song_detection.json
tweety_bert/files/Bird7.npz
tweety_bert/files/Bird6_song_detection.json
tweety_bert/files/Bird5_song_detection.json
tweety_bert/files/Bird1_song_detection.json
tweety_bert/files/Bird9_song_detection.json
tweety_bert/files/Bird0_song_detection.json
tweety_bert/files/Bird6.npz
tweety_bert/files/Bird4.npz
tweety_bert/files/Bird10.npz
tweety_bert/readme.md
tweety_bert/src/
tweety_bert/src/inference.py.bak
tweety_bert/src/inference.py
tweety_bert/src/__init__.py
tweety_bert/src/linear_probe.py
tweety_bert/src/TweetyNET.py
tweety_bert/src/TweetyBERT.py
tweety_bert/src/model.py
tweety_bert/src/decoder.py
tweety_bert/src/spectogram_generator.py
tweety_bert/src/data_class.py
tweety_bert/src/trainer.py
tweety_bert/src/utils.py
tweety_bert/src/analysis.py
tweety_bert/src/experiment_manager.py
tweety_bert/src/spectogram_generator.py.bak
tweety_bert/src/post_processing.py
tweety_bert/.DS_Store
tweety_bert/.gitignore
tweety_bert/scripts/
tweety_bert/scripts/counting_number_timebins_in_song_training_dataset.py
tweety_bert/scripts/fast_zip.py
tweety_bert/scripts/multiple_dir_to_single_folder.py
tweety_bert/scripts/delete_corrupted_files.py
tweety_bert/scripts/counting_number_timebins_in_pretraining.py
tweety_bert/scripts/plot_num_songs_detected.py
tweety_bert/scripts/fold_v_measure_calculation.py
tweety_bert/scripts/attach_bengalesefinch_labels_to_song_detection_json.py
tweety_bert/scripts/copy_random_files.py
tweety_bert/scripts/remove_empty_yarden_data.py
tweety_bert/scripts/tape_archive_extractor.py
tweety_bert/scripts/calculate_data_in_all_folds.py
tweety_bert/scripts/delete_small_files.py
tweety_bert/scripts/copy_files_from_wavdir_to_multiple_event_dirs.py
tweety_bert/scripts/temp_process_aws_data_formats.ipynb
tweety_bert/scripts/attach_yarden_labels_to_song_detection_json.py
tweety_bert/scripts/layer_wise_v_measure.py
tweety_bert/scripts/vast_ai_unzipper.py
tweety_bert/scripts/split_based_on_canary_date.py
tweety_bert/scripts/umap_embedding_deep_dive.ipynb
tweety_bert/scripts/convert_paths_to_basenames.py
tweety_bert/scripts/split_files_into_train_and_test.py
tweety_bert/scripts/birdwise_test_train_split.py
tweety_bert/scripts/data_subsetting.py
tweety_bert/scripts/merge_output_label_jsons.py
tweety_bert/scripts/process_annotations_BENGALESE_FINCH.py
tweety_bert/scripts/plot_all_umaps.py
tweety_bert/scripts/count_timebins.py
tweety_bert/scripts/Layer_Wise_FER.py
tweety_bert/scripts/linear_probe_automated_analysis.py
tweety_bert/scripts/decompress_npz.py
tweety_bert/scripts/attach_date_time_information.py
tweety_bert/scripts/extract_labeled_json_files.py
tweety_bert/scripts/move_non_zero_files.py
tweety_bert/.git/
tweety_bert/.git/description
tweety_bert/.git/config
tweety_bert/.git/packed-refs
tweety_bert/.git/HEAD
tweety_bert/.git/branches/
tweety_bert/.git/logs/
tweety_bert/.git/logs/HEAD
tweety_bert/.git/logs/refs/
tweety_bert/.git/logs/refs/remotes/
tweety_bert/.git/logs/refs/remotes/origin/
tweety_bert/.git/logs/refs/remotes/origin/HEAD
tweety_bert/.git/logs/refs/heads/
tweety_bert/.git/logs/refs/heads/TweetyBERT-Nov-Refactor
tweety_bert/.git/info/
tweety_bert/.git/info/exclude
tweety_bert/.git/index
tweety_bert/.git/refs/
tweety_bert/.git/refs/tags/
tweety_bert/.git/refs/remotes/
tweety_bert/.git/refs/remotes/origin/
tweety_bert/.git/refs/remotes/origin/HEAD
tweety_bert/.git/refs/heads/
tweety_bert/.git/refs/heads/TweetyBERT-Nov-Refactor
tweety_bert/.git/objects/
tweety_bert/.git/objects/info/
tweety_bert/.git/objects/pack/
tweety_bert/.git/objects/pack/pack-bec1d1802bc77b1f7edc545da4eeb6f4ce6f67a0.rev
tweety_bert/.git/objects/pack/pack-bec1d1802bc77b1f7edc545da4eeb6f4ce6f67a0.pack
tweety_bert/.git/objects/pack/pack-bec1d1802bc77b1f7edc545da4eeb6f4ce6f67a0.idx
tweety_bert/.git/hooks/
tweety_bert/.git/hooks/pre-push.sample
tweety_bert/.git/hooks/fsmonitor-watchman.sample
tweety_bert/.git/hooks/update.sample
tweety_bert/.git/hooks/commit-msg.sample
tweety_bert/.git/hooks/pre-merge-commit.sample
tweety_bert/.git/hooks/prepare-commit-msg.sample
tweety_bert/.git/hooks/post-update.sample
tweety_bert/.git/hooks/sendemail-validate.sample
tweety_bert/.git/hooks/pre-rebase.sample
tweety_bert/.git/hooks/pre-applypatch.sample
tweety_bert/.git/hooks/applypatch-msg.sample
tweety_bert/.git/hooks/pre-receive.sample
tweety_bert/.git/hooks/pre-commit.sample
tweety_bert/.git/hooks/push-to-checkout.sample
tweety_bert/run_inference.py
tweety_bert/figure_generation_scripts/
tweety_bert/figure_generation_scripts/visualizing_song_cluster_phase.py
tweety_bert/figure_generation_scripts/embedding_temporal_dynamics_animation.ipynb
tweety_bert/figure_generation_scripts/dim_reduced_birdsong_plots.py
tweety_bert/figure_generation_scripts/umap_comparison_figure_generation.py
tweety_bert/figure_generation_scripts/spec_image_generator.py
tweety_bert/figure_generation_scripts/npz_info.py
tweety_bert/figure_generation_scripts/masked_prediction_figure_generator.py
tweety_bert/figure_generation_scripts/UMAP_plots_from_npz.py
tweety_bert/figure_generation_scripts/p_values_notebook.ipynb
tweety_bert/figure_generation_scripts/generating_inference_fig2b.py
tweety_bert/figure_generation_scripts/visualizing_hdb_scan_labels.py
tweety_bert/figure_generation_scripts/verifying_generated_labels.ipynb
tweety_bert/figure_generation_scripts/linear_probe_analysis.ipynb
tweety_bert/figure_generation_scripts/visualizing_ground_truth_labels.py
tweety_bert/figure_generation_scripts/paper_loss_plots.py
tweety_bert/figure_generation_scripts/interspecies_animation.py
tweety_bert/figure_generation_scripts/inspecting_hdbscan_labels.py
tweety_bert/figure_generation_scripts/umap_eval.py
tweety_bert/song_detector/
tweety_bert/song_detector/Dockerfile
tweety_bert/song_detector/files/
tweety_bert/song_detector/files/canary_fall_nerve_llb-.01/
tweety_bert/song_detector/files/canary_fall_nerve_llb-.01/config.json
tweety_bert/song_detector/files/canary_fall_nerve_llb-.01/weights.pth
tweety_bert/song_detector/files/bengalese_finch_test/
tweety_bert/song_detector/files/bengalese_finch_test/config.json
tweety_bert/song_detector/files/bengalese_finch_test/weights.pth
tweety_bert/song_detector/files/sorter-specs-with-nothreshold-0.1/
tweety_bert/song_detector/files/sorter-specs-with-nothreshold-0.1/config.json
tweety_bert/song_detector/files/sorter-specs-with-nothreshold-0.1/weights.pth
tweety_bert/song_detector/files/sorter-1/
tweety_bert/song_detector/files/sorter-1/config.json
tweety_bert/song_detector/files/sorter-1/weights.pth
tweety_bert/song_detector/entry.sh
tweety_bert/song_detector/requirements.txt
tweety_bert/song_detector/src/
tweety_bert/song_detector/src/test_train_split.py
tweety_bert/song_detector/src/inference.py
tweety_bert/song_detector/src/dataloader.py
tweety_bert/song_detector/src/__init__.py
tweety_bert/song_detector/src/extract_aws_mp4.py
tweety_bert/song_detector/src/aws_mp4_to_wav.py
tweety_bert/song_detector/src/model.py
tweety_bert/song_detector/src/spectogram_generator.py
tweety_bert/song_detector/src/trainer.py
tweety_bert/song_detector/src/utils.py
tweety_bert/song_detector/src/__pycache__/
tweety_bert/song_detector/src/__pycache__/utils.cpython-311.pyc
tweety_bert/song_detector/src/__pycache__/spectogram_generator.cpython-311.pyc
tweety_bert/song_detector/src/__pycache__/post_processing.cpython-310.pyc
tweety_bert/song_detector/src/__pycache__/dataloader.cpython-311.pyc
tweety_bert/song_detector/src/__pycache__/model.cpython-310.pyc
tweety_bert/song_detector/src/__pycache__/spectogram_generator.cpython-310.pyc
tweety_bert/song_detector/src/__pycache__/post_processing.cpython-311.pyc
tweety_bert/song_detector/src/__pycache__/model.cpython-311.pyc
tweety_bert/song_detector/src/__pycache__/utils.cpython-310.pyc
tweety_bert/song_detector/src/__pycache__/trainer.cpython-311.pyc
tweety_bert/song_detector/src/extract_labeled_json_files.py
tweety_bert/song_detector/src/post_processing.py
tweety_bert/song_detector/.gitignore
tweety_bert/song_detector/main.ipynb
tweety_bert/song_detector/.git/
tweety_bert/song_detector/.git/description
tweety_bert/song_detector/.git/config
tweety_bert/song_detector/.git/packed-refs
tweety_bert/song_detector/.git/HEAD
tweety_bert/song_detector/.git/branches/
tweety_bert/song_detector/.git/logs/
tweety_bert/song_detector/.git/logs/HEAD
tweety_bert/song_detector/.git/logs/refs/
tweety_bert/song_detector/.git/logs/refs/remotes/
tweety_bert/song_detector/.git/logs/refs/remotes/origin/
tweety_bert/song_detector/.git/logs/refs/remotes/origin/HEAD
tweety_bert/song_detector/.git/logs/refs/heads/
tweety_bert/song_detector/.git/logs/refs/heads/master
tweety_bert/song_detector/.git/info/
tweety_bert/song_detector/.git/info/exclude
tweety_bert/song_detector/.git/index
tweety_bert/song_detector/.git/refs/
tweety_bert/song_detector/.git/refs/tags/
tweety_bert/song_detector/.git/refs/remotes/
tweety_bert/song_detector/.git/refs/remotes/origin/
tweety_bert/song_detector/.git/refs/remotes/origin/HEAD
tweety_bert/song_detector/.git/refs/heads/
tweety_bert/song_detector/.git/refs/heads/master
tweety_bert/song_detector/.git/objects/
tweety_bert/song_detector/.git/objects/info/
tweety_bert/song_detector/.git/objects/pack/
tweety_bert/song_detector/.git/objects/pack/pack-96b05719d02acf234399c20a439e68dd5a821059.rev
tweety_bert/song_detector/.git/objects/pack/pack-96b05719d02acf234399c20a439e68dd5a821059.idx
tweety_bert/song_detector/.git/objects/pack/pack-96b05719d02acf234399c20a439e68dd5a821059.pack
tweety_bert/song_detector/.git/hooks/
tweety_bert/song_detector/.git/hooks/pre-push.sample
tweety_bert/song_detector/.git/hooks/fsmonitor-watchman.sample
tweety_bert/song_detector/.git/hooks/update.sample
tweety_bert/song_detector/.git/hooks/commit-msg.sample
tweety_bert/song_detector/.git/hooks/pre-merge-commit.sample
tweety_bert/song_detector/.git/hooks/prepare-commit-msg.sample
tweety_bert/song_detector/.git/hooks/post-update.sample
tweety_bert/song_detector/.git/hooks/sendemail-validate.sample
tweety_bert/song_detector/.git/hooks/pre-rebase.sample
tweety_bert/song_detector/.git/hooks/pre-applypatch.sample
tweety_bert/song_detector/.git/hooks/applypatch-msg.sample
tweety_bert/song_detector/.git/hooks/pre-receive.sample
tweety_bert/song_detector/.git/hooks/pre-commit.sample
tweety_bert/song_detector/.git/hooks/push-to-checkout.sample
tweety_bert/song_detector/train.py
tweety_bert/detect_song.py
tweety_bert/decoding.py
tweety_bert/embedding_scroll.gif
tweety_bert/pretrain.py
