000 (6187930.000.000) 2026-09-10 11:31:46 Job submitted from host: <128.105.68.113:9618?addrs=128.105.68.113-9618+[2607-f388-2200-100-eaeb-d3ff-fea7-d05e]-9618&alias=ap2002.chtc.wisc.edu&noUDP&sock=schedd_7808_378f>
    [ JobBatchName = "churp_train" ]
...
040 (6187930.000.000) 2026-09-10 11:32:12 Started transferring input files
	Transferring to host: <128.105.76.53:9618?addrs=128.105.76.53-9618+[2607-f388-2200-100-b65c-b5ff-fe81-e536]-9618&alias=gpu5000.chtc.wisc.edu&noUDP&sock=slot2_3_2139582_d316_14256>
...
040 (6187930.000.000) 2026-09-10 11:32:47 Finished transferring input files
...
001 (6187930.000.000) 2026-09-10 11:32:55 Job executing on host: <128.105.76.53:9618?addrs=128.105.76.53-9618+[2607-f388-2200-100-b65c-b5ff-fe81-e536]-9618&alias=gpu5000.chtc.wisc.edu&noUDP&sock=startd_14985_0ac5>
	SlotName: slot2_3@gpu5000.chtc.wisc.edu
	AvailableGPUs = { GPUs_GPU_19827352 }
	CondorScratchDir = "/var/lib/condor/execute/slot2/dir_812586/scratch"
	Cpus = 2
	Disk = 524288000
	GPUs = 1
	GPUs_GPU_19827352 = [ Id = "GPU-19827352"; Capability = 9.0; DeviceName = "NVIDIA H200"; DeviceUuid = "19827352-62d5-0007-ac80-232eb90baaf8"; ECCEnabled = true; NvidiaDriver = "590.48.01"; DriverVersion = 13.1; DevicePciBusId = "0000:4C:00.0"; GlobalMemoryMb = 143158; MaxSupportedVersion = 13010 ]
	IoHeavy = 0
	Memory = 133120
...
006 (6187930.000.000) 2026-09-10 11:37:55 Image size of job updated: 1571
	1571  -  MemoryUsage of job (MB)
	1609064  -  ResidentSetSize of job (KB)
...
004 (6187930.000.000) 2026-09-10 11:38:12 Job was evicted. Code 1023 Subcode 0
	(0) CPU times
		Usr 0 00:03:33, Sys 0 00:01:12  -  Run Remote Usage
		Usr 0 00:00:00, Sys 0 00:00:00  -  Run Local Usage
	0  -  Run Bytes Sent By Job
	4557659350  -  Run Bytes Received By Job
	Reason: via condor_rm (by user cdonahue6)
	Partitionable Resources :       Usage   Request Allocated Assigned
	   Cpus                 :        0.00         2         2 
	   Disk (KB)            : 10360068    524288000 524288000 
	   GPUs                 :                     1         1 "GPU-19827352"
	   GpusMemory (MB)      :   143489                        
	   IoHeavy              :                               0 
	   Memory (MB)          :     1571       133120    133120 
	   TimeExecute (s)      :      280                        
	   TimeSlotBusy (s)     :      361                        
...
009 (6187930.000.000) 2026-09-10 11:38:12 Job was aborted.
	via condor_rm (by user cdonahue6)
...
000 (6188499.000.000) 2026-09-10 11:38:21 Job submitted from host: <128.105.68.113:9618?addrs=128.105.68.113-9618+[2607-f388-2200-100-eaeb-d3ff-fea7-d05e]-9618&alias=ap2002.chtc.wisc.edu&noUDP&sock=schedd_7808_378f>
    [ JobBatchName = "churp_train" ]
...
040 (6188499.000.000) 2026-09-10 11:39:01 Started transferring input files
	Transferring to host: <128.105.76.46:9618?addrs=128.105.76.46-9618+[2607-f388-2200-100-e29d-73ff-fe7b-5316]-9618&alias=bhaskargpu4000.chtc.wisc.edu&noUDP&sock=slot2_3_2813602_e3a7_20144>
...
040 (6188499.000.000) 2026-09-10 11:39:05 Finished transferring input files
...
001 (6188499.000.000) 2026-09-10 11:39:05 Job executing on host: <128.105.76.46:9618?addrs=128.105.76.46-9618+[2607-f388-2200-100-e29d-73ff-fe7b-5316]-9618&alias=bhaskargpu4000.chtc.wisc.edu&noUDP&sock=startd_58915_5e3e>
	SlotName: slot2_3@bhaskargpu4000.chtc.wisc.edu
	AvailableGPUs = { GPUs_GPU_33aa2a42 }
	CondorScratchDir = "/var/lib/condor/execute/slot2/dir_2979512/scratch"
	Cpus = 2
	Disk = 524288000
	GPUs = 1
	GPUs_GPU_33aa2a42 = [ Id = "GPU-33aa2a42"; Capability = 9.0; DeviceName = "NVIDIA H200"; DeviceUuid = "33aa2a42-bd2a-6304-6f7b-77e4ff98ad33"; ECCEnabled = true; NvidiaDriver = "570.195.03"; DriverVersion = 12.8; DevicePciBusId = "0000:4C:00.0"; GlobalMemoryMb = 143166; MaxSupportedVersion = 12080 ]
	IoHeavy = 0
	Memory = 133120
...
006 (6188499.000.000) 2026-09-10 11:39:13 Image size of job updated: 1
	0  -  MemoryUsage of job (MB)
	952  -  ResidentSetSize of job (KB)
...
006 (6188499.000.000) 2026-09-10 11:44:06 Image size of job updated: 1720
	1720  -  MemoryUsage of job (MB)
	1762000  -  ResidentSetSize of job (KB)
...
004 (6188499.000.000) 2026-09-10 11:44:07 Job was evicted. Code 1023 Subcode 0
	(0) CPU times
		Usr 0 00:03:52, Sys 0 00:01:37  -  Run Remote Usage
		Usr 0 00:00:00, Sys 0 00:00:00  -  Run Local Usage
	0  -  Run Bytes Sent By Job
	4557659346  -  Run Bytes Received By Job
	Reason: via condor_rm (by user cdonahue6)
	Partitionable Resources :       Usage   Request Allocated Assigned
	   Cpus                 :        0.00         2         2 
	   Disk (KB)            : 10359888    524288000 524288000 
	   GPUs                 :                     1         1 "GPU-33aa2a42"
	   GpusMemory (MB)      :   143474                        
	   IoHeavy              :                               0 
	   Memory (MB)          :     1720       133120    133120 
	   TimeExecute (s)      :      301                        
	   TimeSlotBusy (s)     :      307                        
...
009 (6188499.000.000) 2026-09-10 11:44:07 Job was aborted.
	via condor_rm (by user cdonahue6)
...
000 (6188513.000.000) 2026-09-10 11:44:22 Job submitted from host: <128.105.68.113:9618?addrs=128.105.68.113-9618+[2607-f388-2200-100-eaeb-d3ff-fea7-d05e]-9618&alias=ap2002.chtc.wisc.edu&noUDP&sock=schedd_7808_378f>
    [ JobBatchName = "churp_train" ]
...
040 (6188513.000.000) 2026-09-10 11:45:08 Started transferring input files
	Transferring to host: <128.105.76.46:9618?addrs=128.105.76.46-9618+[2607-f388-2200-100-e29d-73ff-fe7b-5316]-9618&alias=bhaskargpu4000.chtc.wisc.edu&noUDP&sock=slot2_3_2813602_e3a7_20150>
...
040 (6188513.000.000) 2026-09-10 11:45:13 Finished transferring input files
...
001 (6188513.000.000) 2026-09-10 11:45:13 Job executing on host: <128.105.76.46:9618?addrs=128.105.76.46-9618+[2607-f388-2200-100-e29d-73ff-fe7b-5316]-9618&alias=bhaskargpu4000.chtc.wisc.edu&noUDP&sock=startd_58915_5e3e>
	SlotName: slot2_3@bhaskargpu4000.chtc.wisc.edu
	AvailableGPUs = { GPUs_GPU_33aa2a42 }
	CondorScratchDir = "/var/lib/condor/execute/slot2/dir_2998136/scratch"
	Cpus = 2
	Disk = 524288000
	GPUs = 1
	GPUs_GPU_33aa2a42 = [ Id = "GPU-33aa2a42"; Capability = 9.0; DeviceName = "NVIDIA H200"; DeviceUuid = "33aa2a42-bd2a-6304-6f7b-77e4ff98ad33"; ECCEnabled = true; NvidiaDriver = "570.195.03"; DriverVersion = 12.8; DevicePciBusId = "0000:4C:00.0"; GlobalMemoryMb = 143166; MaxSupportedVersion = 12080 ]
	IoHeavy = 0
	Memory = 133120
...
006 (6188513.000.000) 2026-09-10 11:45:21 Image size of job updated: 1
	0  -  MemoryUsage of job (MB)
	952  -  ResidentSetSize of job (KB)
...
006 (6188513.000.000) 2026-09-10 11:50:21 Image size of job updated: 1915
	1915  -  MemoryUsage of job (MB)
	1961492  -  ResidentSetSize of job (KB)
...
006 (6188513.000.000) 2026-09-10 11:55:22 Image size of job updated: 2109
	2109  -  MemoryUsage of job (MB)
	2160424  -  ResidentSetSize of job (KB)
...
006 (6188513.000.000) 2026-09-10 12:45:25 Image size of job updated: 2218
	2218  -  MemoryUsage of job (MB)
	2271700  -  ResidentSetSize of job (KB)
...
006 (6188513.000.000) 2026-09-10 14:25:36 Image size of job updated: 2350
	2350  -  MemoryUsage of job (MB)
	2407056  -  ResidentSetSize of job (KB)
...
006 (6188513.000.000) 2026-09-10 16:10:47 Image size of job updated: 2429
	2429  -  MemoryUsage of job (MB)
	2487932  -  ResidentSetSize of job (KB)
...
