000 (6164943.000.000) 2026-09-07 13:46:18 Job submitted from host: <128.105.68.113:9618?addrs=128.105.68.113-9618+[2607-f388-2200-100-eaeb-d3ff-fea7-d05e]-9618&alias=ap2002.chtc.wisc.edu&noUDP&sock=schedd_7808_378f>
    [ JobBatchName = "churp_all" ]
...
040 (6164943.000.000) 2026-09-07 13:47:04 Started transferring input files
	Transferring to host: <128.105.76.53:9618?addrs=128.105.76.53-9618+[2607-f388-2200-100-b65c-b5ff-fe81-e536]-9618&alias=gpu5000.chtc.wisc.edu&noUDP&sock=slot2_1_2139582_d316_5511>
...
040 (6164943.000.000) 2026-09-07 13:47:04 Finished transferring input files
...
040 (6164943.000.000) 2026-09-07 13:47:10 Started transferring output files
...
021 (6164943.000.000) 2026-09-07 13:47:10 Error from starter on slot2_1@gpu5000.chtc.wisc.edu:
	Failed to transfer files: SHADOW at 128.105.68.113 failed to send file(s) to <128.105.76.53:41449>: |Error: 1 total failures: first failure: reading from file /home/cdonahue6/birdsong/publication/refactored_CHURP/CHURP/./*: (errno 2) No such file or directory; STARTER failed to receive file(s) from <128.105.68.113:9618>
	Code 13 Subcode 2
...
004 (6164943.000.000) 2026-09-07 13:47:11 Job was evicted. Code 13 Subcode 2
	(0) CPU times
		Usr 0 00:00:00, Sys 0 00:00:00  -  Run Remote Usage
		Usr 0 00:00:00, Sys 0 00:00:00  -  Run Local Usage
	0  -  Run Bytes Sent By Job
	0  -  Run Bytes Received By Job
	Reason: Transfer input files failure at access point ap2002 while sending files to execution point slot2_1@gpu5000.chtc.wisc.edu. Details: 1 total failures: first failure: reading from file /home/cdonahue6/birdsong/publication/refactored_CHURP/CHURP/./*: (errno 2) No such file or directory
	Partitionable Resources :    Usage   Request Allocated Assigned
	   Cpus                 :                  2         2 
	   Disk (KB)            :       48 524288000 524288000 
	   GPUs                 :                  1         1 "GPU-a7efb930"
	   IoHeavy              :                            0 
	   Memory (MB)          :             133120    133120 
...
012 (6164943.000.000) 2026-09-07 13:47:11 Job was held.
	Transfer input files failure at access point ap2002 while sending files to execution point slot2_1@gpu5000.chtc.wisc.edu. Details: 1 total failures: first failure: reading from file /home/cdonahue6/birdsong/publication/refactored_CHURP/CHURP/./*: (errno 2) No such file or directory
	Code 13 Subcode 2
...
009 (6164943.000.000) 2026-09-07 13:50:05 Job was aborted.
	via condor_rm (by user cdonahue6)
...
000 (6164946.000.000) 2026-09-07 13:50:10 Job submitted from host: <128.105.68.113:9618?addrs=128.105.68.113-9618+[2607-f388-2200-100-eaeb-d3ff-fea7-d05e]-9618&alias=ap2002.chtc.wisc.edu&noUDP&sock=schedd_7808_378f>
    [ JobBatchName = "churp_all" ]
...
040 (6164946.000.000) 2026-09-07 13:51:11 Started transferring input files
	Transferring to host: <128.105.76.46:9618?addrs=128.105.76.46-9618+[2607-f388-2200-100-e29d-73ff-fe7b-5316]-9618&alias=bhaskargpu4000.chtc.wisc.edu&noUDP&sock=slot2_1_2813602_e3a7_11127>
...
040 (6164946.000.000) 2026-09-07 13:51:11 Finished transferring input files
...
040 (6164946.000.000) 2026-09-07 13:51:12 Started transferring output files
...
040 (6164946.000.000) 2026-09-07 13:51:12 Finished transferring output files
...
021 (6164946.000.000) 2026-09-07 13:51:12 Error from starter on slot2_1@bhaskargpu4000.chtc.wisc.edu:
	Failed to transfer files: SHADOW at 128.105.68.113 failed to send file(s) to <128.105.76.46:33651>: |Error: 1 total failures: first failure: reading from file /home/cdonahue6/birdsong/publication/refactored_CHURP/CHURP/./*: (errno 2) No such file or directory; STARTER failed to receive file(s) from <128.105.68.113:9618>
	Code 13 Subcode 2
...
004 (6164946.000.000) 2026-09-07 13:51:12 Job was evicted. Code 13 Subcode 2
	(0) CPU times
		Usr 0 00:00:00, Sys 0 00:00:00  -  Run Remote Usage
		Usr 0 00:00:00, Sys 0 00:00:00  -  Run Local Usage
	0  -  Run Bytes Sent By Job
	0  -  Run Bytes Received By Job
	Reason: Transfer input files failure at access point ap2002 while sending files to execution point slot2_1@bhaskargpu4000.chtc.wisc.edu. Details: 1 total failures: first failure: reading from file /home/cdonahue6/birdsong/publication/refactored_CHURP/CHURP/./*: (errno 2) No such file or directory
	Partitionable Resources :    Usage   Request Allocated Assigned
	   Cpus                 :        0         2         2 
	   Disk (KB)            :       48 524288000 524288000 
	   GPUs                 :                  1         1 "GPU-a6385676"
	   IoHeavy              :                            0 
	   Memory (MB)          :             133120    133120 
...
012 (6164946.000.000) 2026-09-07 13:51:12 Job was held.
	Transfer input files failure at access point ap2002 while sending files to execution point slot2_1@bhaskargpu4000.chtc.wisc.edu. Details: 1 total failures: first failure: reading from file /home/cdonahue6/birdsong/publication/refactored_CHURP/CHURP/./*: (errno 2) No such file or directory
	Code 13 Subcode 2
...
000 (6164954.000.000) 2026-09-07 13:57:15 Job submitted from host: <128.105.68.113:9618?addrs=128.105.68.113-9618+[2607-f388-2200-100-eaeb-d3ff-fea7-d05e]-9618&alias=ap2002.chtc.wisc.edu&noUDP&sock=schedd_7808_378f>
    [ JobBatchName = "churp_all" ]
...
040 (6164954.000.000) 2026-09-07 14:01:44 Started transferring input files
	Transferring to host: <128.105.76.46:9618?addrs=128.105.76.46-9618+[2607-f388-2200-100-e29d-73ff-fe7b-5316]-9618&alias=bhaskargpu4000.chtc.wisc.edu&noUDP&sock=slot2_1_2813602_e3a7_11162>
...
040 (6164954.000.000) 2026-09-07 14:01:44 Finished transferring input files
...
001 (6164954.000.000) 2026-09-07 14:01:52 Job executing on host: <128.105.76.46:9618?addrs=128.105.76.46-9618+[2607-f388-2200-100-e29d-73ff-fe7b-5316]-9618&alias=bhaskargpu4000.chtc.wisc.edu&noUDP&sock=startd_58915_5e3e>
	SlotName: slot2_1@bhaskargpu4000.chtc.wisc.edu
	AvailableGPUs = { GPUs_GPU_a6385676 }
	CondorScratchDir = "/var/lib/condor/execute/slot2/dir_2469754/scratch"
	Cpus = 2
	Disk = 524288000
	GPUs = 1
	GPUs_GPU_a6385676 = [ Id = "GPU-a6385676"; Capability = 9.0; DeviceName = "NVIDIA H200"; DeviceUuid = "a6385676-e469-d8bf-78bf-e936ea0e7758"; ECCEnabled = true; NvidiaDriver = "570.195.03"; DriverVersion = 12.8; DevicePciBusId = "0000:19:00.0"; GlobalMemoryMb = 143166; MaxSupportedVersion = 12080 ]
	IoHeavy = 0
	Memory = 133120
...
006 (6164954.000.000) 2026-09-07 14:06:52 Image size of job updated: 65504
	20  -  MemoryUsage of job (MB)
	19968  -  ResidentSetSize of job (KB)
...
006 (6164954.000.000) 2026-09-07 14:11:11 Image size of job updated: 65504
	1119  -  MemoryUsage of job (MB)
	1146168  -  ResidentSetSize of job (KB)
...
040 (6164954.000.000) 2026-09-07 14:11:12 Started transferring output files
...
040 (6164954.000.000) 2026-09-07 14:11:12 Finished transferring output files
...
021 (6164954.000.000) 2026-09-07 14:11:12 Error from starter on slot2_1@bhaskargpu4000.chtc.wisc.edu:
	STARTER at 128.105.76.46 failed to send file(s) to <128.105.68.113:9618>: : FILETRANSFER:1:non-zero exit (1) from /usr/libexec/condor/curl_plugin. |Error: could not open local file /var/lib/condor/execute/slot2/dir_2469754/scratch/comb_outputs.tar.gz, error 2 (No such file or directory) (with environment: http_proxy='http://squid-cs-2360.chtc.wisc.edu:3128', https_proxy='') ( URL file = file:///staging/c/cdonahue6/birdsong/comb_outputs.tar.gz )|; SHADOW failed to receive file(s) from <128.105.76.46:43077>
	Code 13 Subcode 256
...
004 (6164954.000.000) 2026-09-07 14:11:13 Job was evicted. Code 12 Subcode 256
	(0) CPU times
		Usr 0 00:01:25, Sys 0 00:00:13  -  Run Remote Usage
		Usr 0 00:00:00, Sys 0 00:00:00  -  Run Local Usage
	0  -  Run Bytes Sent By Job
	119539  -  Run Bytes Received By Job
	Reason: Transfer output files failure at execution point slot2_1@bhaskargpu4000.chtc.wisc.edu using protocol file. Details: could not open local file /var/lib/condor/execute/slot2/dir_2469754/scratch/comb_outputs.tar.gz, error 2 (No such file or directory) (with environment: http_proxy='http://squid-cs-2360.chtc.wisc.edu:3128', https_proxy='') ( URL file = file:///staging/c/cdonahue6/birdsong/comb_outputs.tar.gz )|
	Partitionable Resources :    Usage   Request Allocated Assigned
	   Cpus                 :        0         2         2 
	   Disk (KB)            :  3914232 524288000 524288000 
	   GPUs                 :        0         1         1 "GPU-a6385676"
	   GpusMemory (MB)      :      608                     
	   IoHeavy              :                            0 
	   Memory (MB)          :     1119    133120    133120 
	   TimeExecute (s)      :      490                     
	   TimeSlotBusy (s)     :      569                     
...
012 (6164954.000.000) 2026-09-07 14:11:13 Job was held.
	Transfer output files failure at execution point slot2_1@bhaskargpu4000.chtc.wisc.edu using protocol file. Details: could not open local file /var/lib/condor/execute/slot2/dir_2469754/scratch/comb_outputs.tar.gz, error 2 (No such file or directory) (with environment: http_proxy='http://squid-cs-2360.chtc.wisc.edu:3128', https_proxy='') ( URL file = file:///staging/c/cdonahue6/birdsong/comb_outputs.tar.gz )|
	Code 12 Subcode 256
...
009 (6164946.000.000) 2026-09-07 14:12:53 Job was aborted.
	via condor_rm (by user cdonahue6)
...
009 (6164954.000.000) 2026-09-07 14:12:59 Job was aborted.
	via condor_rm (by user cdonahue6)
...
000 (6168014.000.000) 2026-09-07 21:11:31 Job submitted from host: <128.105.68.113:9618?addrs=128.105.68.113-9618+[2607-f388-2200-100-eaeb-d3ff-fea7-d05e]-9618&alias=ap2002.chtc.wisc.edu&noUDP&sock=schedd_7808_378f>
    [ JobBatchName = "churp_all" ]
...
040 (6168014.000.000) 2026-09-07 21:12:33 Started transferring input files
	Transferring to host: <128.105.76.46:9618?addrs=128.105.76.46-9618+[2607-f388-2200-100-e29d-73ff-fe7b-5316]-9618&alias=bhaskargpu4000.chtc.wisc.edu&noUDP&sock=slot2_2_2813602_e3a7_12056>
...
040 (6168014.000.000) 2026-09-07 21:12:33 Finished transferring input files
...
001 (6168014.000.000) 2026-09-07 21:12:38 Job executing on host: <128.105.76.46:9618?addrs=128.105.76.46-9618+[2607-f388-2200-100-e29d-73ff-fe7b-5316]-9618&alias=bhaskargpu4000.chtc.wisc.edu&noUDP&sock=startd_58915_5e3e>
	SlotName: slot2_2@bhaskargpu4000.chtc.wisc.edu
	AvailableGPUs = { GPUs_GPU_33aa2a42 }
	CondorScratchDir = "/var/lib/condor/execute/slot2/dir_2832189/scratch"
	Cpus = 2
	Disk = 524288000
	GPUs = 1
	GPUs_GPU_33aa2a42 = [ Id = "GPU-33aa2a42"; Capability = 9.0; DeviceName = "NVIDIA H200"; DeviceUuid = "33aa2a42-bd2a-6304-6f7b-77e4ff98ad33"; ECCEnabled = true; NvidiaDriver = "570.195.03"; DriverVersion = 12.8; DevicePciBusId = "0000:4C:00.0"; GlobalMemoryMb = 143166; MaxSupportedVersion = 12080 ]
	IoHeavy = 0
	Memory = 133120
...
040 (6168014.000.000) 2026-09-07 21:12:40 Started transferring output files
...
040 (6168014.000.000) 2026-09-07 21:12:40 Finished transferring output files
...
021 (6168014.000.000) 2026-09-07 21:12:40 Error from starter on slot2_2@bhaskargpu4000.chtc.wisc.edu:
	STARTER at 128.105.76.46 failed to send file(s) to <128.105.68.113:9618>: : FILETRANSFER:1:non-zero exit (1) from /usr/libexec/condor/curl_plugin. |Error: could not open local file /var/lib/condor/execute/slot2/dir_2832189/scratch/comb_outputs.tar.gz, error 2 (No such file or directory) (with environment: http_proxy='http://squid-cs-2360.chtc.wisc.edu:3128', https_proxy='') ( URL file = file:///staging/c/cdonahue6/birdsong/comb_outputs.tar.gz )|; SHADOW failed to receive file(s) from <128.105.76.46:36513>
	Code 13 Subcode 256
...
004 (6168014.000.000) 2026-09-07 21:12:41 Job was evicted. Code 12 Subcode 256
	(0) CPU times
		Usr 0 00:00:00, Sys 0 00:00:00  -  Run Remote Usage
		Usr 0 00:00:00, Sys 0 00:00:00  -  Run Local Usage
	0  -  Run Bytes Sent By Job
	130322  -  Run Bytes Received By Job
	Reason: Transfer output files failure at execution point slot2_2@bhaskargpu4000.chtc.wisc.edu using protocol file. Details: could not open local file /var/lib/condor/execute/slot2/dir_2832189/scratch/comb_outputs.tar.gz, error 2 (No such file or directory) (with environment: http_proxy='http://squid-cs-2360.chtc.wisc.edu:3128', https_proxy='') ( URL file = file:///staging/c/cdonahue6/birdsong/comb_outputs.tar.gz )|
	Partitionable Resources :    Usage   Request Allocated Assigned
	   Cpus                 :     0.01         2         2 
	   Disk (KB)            :   248    524288000 524288000 
	   GPUs                 :     0            1         1 "GPU-33aa2a42"
	   GpusMemory (MB)      :   608                        
	   IoHeavy              :                            0 
	   Memory (MB)          :             133120    133120 
	   TimeExecute (s)      :     2                        
	   TimeSlotBusy (s)     :     8                        
...
012 (6168014.000.000) 2026-09-07 21:12:41 Job was held.
	Transfer output files failure at execution point slot2_2@bhaskargpu4000.chtc.wisc.edu using protocol file. Details: could not open local file /var/lib/condor/execute/slot2/dir_2832189/scratch/comb_outputs.tar.gz, error 2 (No such file or directory) (with environment: http_proxy='http://squid-cs-2360.chtc.wisc.edu:3128', https_proxy='') ( URL file = file:///staging/c/cdonahue6/birdsong/comb_outputs.tar.gz )|
	Code 12 Subcode 256
...
009 (6168014.000.000) 2026-09-07 21:14:22 Job was aborted.
	via condor_rm (by user cdonahue6)
...
000 (6168022.000.000) 2026-09-07 21:14:33 Job submitted from host: <128.105.68.113:9618?addrs=128.105.68.113-9618+[2607-f388-2200-100-eaeb-d3ff-fea7-d05e]-9618&alias=ap2002.chtc.wisc.edu&noUDP&sock=schedd_7808_378f>
    [ JobBatchName = "churp_all" ]
...
040 (6168022.000.000) 2026-09-07 21:18:48 Started transferring input files
	Transferring to host: <128.105.76.46:9618?addrs=128.105.76.46-9618+[2607-f388-2200-100-e29d-73ff-fe7b-5316]-9618&alias=bhaskargpu4000.chtc.wisc.edu&noUDP&sock=slot2_3_2813602_e3a7_12074>
...
040 (6168022.000.000) 2026-09-07 21:18:57 Finished transferring input files
...
001 (6168022.000.000) 2026-09-07 21:18:57 Job executing on host: <128.105.76.46:9618?addrs=128.105.76.46-9618+[2607-f388-2200-100-e29d-73ff-fe7b-5316]-9618&alias=bhaskargpu4000.chtc.wisc.edu&noUDP&sock=startd_58915_5e3e>
	SlotName: slot2_3@bhaskargpu4000.chtc.wisc.edu
	AvailableGPUs = { GPUs_GPU_107714f3 }
	CondorScratchDir = "/var/lib/condor/execute/slot2/dir_2840367/scratch"
	Cpus = 2
	Disk = 524288000
	GPUs = 1
	GPUs_GPU_107714f3 = [ Id = "GPU-107714f3"; Capability = 9.0; DeviceName = "NVIDIA H200"; DeviceUuid = "107714f3-79aa-2351-be93-4fbeb9819812"; ECCEnabled = true; NvidiaDriver = "570.195.03"; DriverVersion = 12.8; DevicePciBusId = "0000:5D:00.0"; GlobalMemoryMb = 143166; MaxSupportedVersion = 12080 ]
	IoHeavy = 0
	Memory = 133120
...
006 (6168022.000.000) 2026-09-07 21:19:05 Image size of job updated: 2
	0  -  MemoryUsage of job (MB)
	956  -  ResidentSetSize of job (KB)
...
006 (6168022.000.000) 2026-09-07 21:20:47 Image size of job updated: 367
	367  -  MemoryUsage of job (MB)
	376156  -  ResidentSetSize of job (KB)
...
040 (6168022.000.000) 2026-09-07 21:20:47 Started transferring output files
...
040 (6168022.000.000) 2026-09-07 21:20:47 Finished transferring output files
...
021 (6168022.000.000) 2026-09-07 21:20:47 Error from starter on slot2_3@bhaskargpu4000.chtc.wisc.edu:
	STARTER at 128.105.76.46 failed to send file(s) to <128.105.68.113:9618>: : FILETRANSFER:1:non-zero exit (1) from /usr/libexec/condor/curl_plugin. |Error: could not open local file /var/lib/condor/execute/slot2/dir_2840367/scratch/comb_outputs.tar.gz, error 2 (No such file or directory) (with environment: http_proxy='http://squid-cs-2360.chtc.wisc.edu:3128', https_proxy='') ( URL file = file:///staging/c/cdonahue6/birdsong/comb_outputs.tar.gz )|; SHADOW failed to receive file(s) from <128.105.76.46:37347>
	Code 13 Subcode 256
...
004 (6168022.000.000) 2026-09-07 21:20:50 Job was evicted. Code 12 Subcode 256
	(0) CPU times
		Usr 0 00:00:05, Sys 0 00:00:01  -  Run Remote Usage
		Usr 0 00:00:00, Sys 0 00:00:00  -  Run Local Usage
	0  -  Run Bytes Sent By Job
	5054521883  -  Run Bytes Received By Job
	Reason: Transfer output files failure at execution point slot2_3@bhaskargpu4000.chtc.wisc.edu using protocol file. Details: could not open local file /var/lib/condor/execute/slot2/dir_2840367/scratch/comb_outputs.tar.gz, error 2 (No such file or directory) (with environment: http_proxy='http://squid-cs-2360.chtc.wisc.edu:3128', https_proxy='') ( URL file = file:///staging/c/cdonahue6/birdsong/comb_outputs.tar.gz )|
	Partitionable Resources :       Usage   Request Allocated Assigned
	   Cpus                 :        0.00         2         2 
	   Disk (KB)            : 14864888    524288000 524288000 
	   GPUs                 :                     1         1 "GPU-107714f3"
	   GpusMemory (MB)      :      608                        
	   IoHeavy              :                               0 
	   Memory (MB)          :      367       133120    133120 
	   TimeExecute (s)      :      110                        
	   TimeSlotBusy (s)     :      120                        
...
012 (6168022.000.000) 2026-09-07 21:20:50 Job was held.
	Transfer output files failure at execution point slot2_3@bhaskargpu4000.chtc.wisc.edu using protocol file. Details: could not open local file /var/lib/condor/execute/slot2/dir_2840367/scratch/comb_outputs.tar.gz, error 2 (No such file or directory) (with environment: http_proxy='http://squid-cs-2360.chtc.wisc.edu:3128', https_proxy='') ( URL file = file:///staging/c/cdonahue6/birdsong/comb_outputs.tar.gz )|
	Code 12 Subcode 256
...
009 (6168022.000.000) 2026-09-07 21:24:38 Job was aborted.
	via condor_rm (by user cdonahue6)
...
000 (6168524.000.000) 2026-09-07 21:58:08 Job submitted from host: <128.105.68.113:9618?addrs=128.105.68.113-9618+[2607-f388-2200-100-eaeb-d3ff-fea7-d05e]-9618&alias=ap2002.chtc.wisc.edu&noUDP&sock=schedd_7808_378f>
    [ JobBatchName = "churp_all" ]
...
040 (6168524.000.000) 2026-09-07 22:01:59 Started transferring input files
	Transferring to host: <128.105.76.46:9618?addrs=128.105.76.46-9618+[2607-f388-2200-100-e29d-73ff-fe7b-5316]-9618&alias=bhaskargpu4000.chtc.wisc.edu&noUDP&sock=slot2_2_2813602_e3a7_12165>
...
040 (6168524.000.000) 2026-09-07 22:02:08 Finished transferring input files
...
040 (6168524.000.000) 2026-09-07 22:02:09 Started transferring output files
...
040 (6168524.000.000) 2026-09-07 22:02:09 Finished transferring output files
...
021 (6168524.000.000) 2026-09-07 22:02:09 Error from starter on slot2_2@bhaskargpu4000.chtc.wisc.edu:
	Failed to transfer files: FILETRANSFER:1:non-zero exit (1) from /usr/libexec/condor/curl_plugin. |Error: Couldn't open file /staging/cdonahue6/birdsong/benchmark_data/3470165.tar.gz (with environment: http_proxy='http://squid-cs-2360.chtc.wisc.edu:3128', https_proxy='') ( URL file = file:///staging/cdonahue6/birdsong/benchmark_data/3470165.tar.gz )|
	Code 12 Subcode 256
...
004 (6168524.000.000) 2026-09-07 22:02:10 Job was evicted. Code 13 Subcode 256
	(0) CPU times
		Usr 0 00:00:00, Sys 0 00:00:00  -  Run Remote Usage
		Usr 0 00:00:00, Sys 0 00:00:00  -  Run Local Usage
	0  -  Run Bytes Sent By Job
	0  -  Run Bytes Received By Job
	Reason: Transfer input files failure at execution point slot2_2@bhaskargpu4000.chtc.wisc.edu using protocol file. Details: Couldn't open file /staging/cdonahue6/birdsong/benchmark_data/3470165.tar.gz (with environment: http_proxy='http://squid-cs-2360.chtc.wisc.edu:3128', https_proxy='') ( URL file = file:///staging/cdonahue6/birdsong/benchmark_data/3470165.tar.gz )|
	Partitionable Resources :    Usage   Request Allocated Assigned
	   Cpus                 :        0         2         2 
	   Disk (KB)            :  4936148 524288000 524288000 
	   GPUs                 :        0         1         1 "GPU-33aa2a42"
	   IoHeavy              :                            0 
	   Memory (MB)          :             133120    133120 
...
012 (6168524.000.000) 2026-09-07 22:02:10 Job was held.
	Transfer input files failure at execution point slot2_2@bhaskargpu4000.chtc.wisc.edu using protocol file. Details: Couldn't open file /staging/cdonahue6/birdsong/benchmark_data/3470165.tar.gz (with environment: http_proxy='http://squid-cs-2360.chtc.wisc.edu:3128', https_proxy='') ( URL file = file:///staging/cdonahue6/birdsong/benchmark_data/3470165.tar.gz )|
	Code 13 Subcode 256
...
009 (6168524.000.000) 2026-09-07 22:03:54 Job was aborted.
	via condor_rm (by user cdonahue6)
...
000 (6170890.000.000) 2026-09-08 10:17:50 Job submitted from host: <128.105.68.113:9618?addrs=128.105.68.113-9618+[2607-f388-2200-100-eaeb-d3ff-fea7-d05e]-9618&alias=ap2002.chtc.wisc.edu&noUDP&sock=schedd_7808_378f>
    [ JobBatchName = "churp_all" ]
...
009 (6170890.000.000) 2026-09-08 10:18:15 Job was aborted.
	via condor_rm (by user cdonahue6)
...
000 (6170891.000.000) 2026-09-08 10:18:19 Job submitted from host: <128.105.68.113:9618?addrs=128.105.68.113-9618+[2607-f388-2200-100-eaeb-d3ff-fea7-d05e]-9618&alias=ap2002.chtc.wisc.edu&noUDP&sock=schedd_7808_378f>
    [ JobBatchName = "churp_all" ]
...
009 (6170891.000.000) 2026-09-08 10:18:40 Job was aborted.
	via condor_rm (by user cdonahue6)
...
000 (6170892.000.000) 2026-09-08 10:18:45 Job submitted from host: <128.105.68.113:9618?addrs=128.105.68.113-9618+[2607-f388-2200-100-eaeb-d3ff-fea7-d05e]-9618&alias=ap2002.chtc.wisc.edu&noUDP&sock=schedd_7808_378f>
    [ JobBatchName = "churp_all" ]
...
040 (6170892.000.000) 2026-09-08 10:21:17 Started transferring input files
	Transferring to host: <128.105.76.46:9618?addrs=128.105.76.46-9618+[2607-f388-2200-100-e29d-73ff-fe7b-5316]-9618&alias=bhaskargpu4000.chtc.wisc.edu&noUDP&sock=slot2_3_2813602_e3a7_13720>
...
040 (6170892.000.000) 2026-09-08 10:21:27 Finished transferring input files
...
040 (6170892.000.000) 2026-09-08 10:21:28 Started transferring output files
...
021 (6170892.000.000) 2026-09-08 10:21:28 Error from starter on slot2_3@bhaskargpu4000.chtc.wisc.edu:
	Failed to transfer files: FILETRANSFER:1:non-zero exit (1) from /usr/libexec/condor/curl_plugin. |Error: Couldn't open file /staging/cdonahue6/birdsong/benchmark_data/3470165.tar.gz (with environment: http_proxy='http://squid-cs-2360.chtc.wisc.edu:3128', https_proxy='') ( URL file = file:///staging/cdonahue6/birdsong/benchmark_data/3470165.tar.gz )|
	Code 12 Subcode 256
...
004 (6170892.000.000) 2026-09-08 10:21:29 Job was evicted. Code 13 Subcode 256
	(0) CPU times
		Usr 0 00:00:00, Sys 0 00:00:00  -  Run Remote Usage
		Usr 0 00:00:00, Sys 0 00:00:00  -  Run Local Usage
	0  -  Run Bytes Sent By Job
	0  -  Run Bytes Received By Job
	Reason: Transfer input files failure at execution point slot2_3@bhaskargpu4000.chtc.wisc.edu using protocol file. Details: Couldn't open file /staging/cdonahue6/birdsong/benchmark_data/3470165.tar.gz (with environment: http_proxy='http://squid-cs-2360.chtc.wisc.edu:3128', https_proxy='') ( URL file = file:///staging/cdonahue6/birdsong/benchmark_data/3470165.tar.gz )|
	Partitionable Resources :    Usage   Request Allocated Assigned
	   Cpus                 :                  2         2 
	   Disk (KB)            :  4936148 524288000 524288000 
	   GPUs                 :                  1         1 "GPU-33aa2a42"
	   IoHeavy              :                            0 
	   Memory (MB)          :             133120    133120 
...
012 (6170892.000.000) 2026-09-08 10:21:29 Job was held.
	Transfer input files failure at execution point slot2_3@bhaskargpu4000.chtc.wisc.edu using protocol file. Details: Couldn't open file /staging/cdonahue6/birdsong/benchmark_data/3470165.tar.gz (with environment: http_proxy='http://squid-cs-2360.chtc.wisc.edu:3128', https_proxy='') ( URL file = file:///staging/cdonahue6/birdsong/benchmark_data/3470165.tar.gz )|
	Code 13 Subcode 256
...
000 (6170905.000.000) 2026-09-08 10:24:31 Job submitted from host: <128.105.68.113:9618?addrs=128.105.68.113-9618+[2607-f388-2200-100-eaeb-d3ff-fea7-d05e]-9618&alias=ap2002.chtc.wisc.edu&noUDP&sock=schedd_7808_378f>
    [ JobBatchName = "churp_all" ]
...
040 (6170905.000.000) 2026-09-08 10:25:09 Started transferring input files
	Transferring to host: <128.105.76.46:9618?addrs=128.105.76.46-9618+[2607-f388-2200-100-e29d-73ff-fe7b-5316]-9618&alias=bhaskargpu4000.chtc.wisc.edu&noUDP&sock=slot2_3_2813602_e3a7_13726>
...
040 (6170905.000.000) 2026-09-08 10:25:54 Finished transferring input files
...
001 (6170905.000.000) 2026-09-08 10:26:03 Job executing on host: <128.105.76.46:9618?addrs=128.105.76.46-9618+[2607-f388-2200-100-e29d-73ff-fe7b-5316]-9618&alias=bhaskargpu4000.chtc.wisc.edu&noUDP&sock=startd_58915_5e3e>
	SlotName: slot2_3@bhaskargpu4000.chtc.wisc.edu
	AvailableGPUs = { GPUs_GPU_33aa2a42 }
	CondorScratchDir = "/var/lib/condor/execute/slot2/dir_3528948/scratch"
	Cpus = 2
	Disk = 524288000
	GPUs = 1
	GPUs_GPU_33aa2a42 = [ Id = "GPU-33aa2a42"; Capability = 9.0; DeviceName = "NVIDIA H200"; DeviceUuid = "33aa2a42-bd2a-6304-6f7b-77e4ff98ad33"; ECCEnabled = true; NvidiaDriver = "570.195.03"; DriverVersion = 12.8; DevicePciBusId = "0000:4C:00.0"; GlobalMemoryMb = 143166; MaxSupportedVersion = 12080 ]
	IoHeavy = 0
	Memory = 133120
...
006 (6170905.000.000) 2026-09-08 10:31:04 Image size of job updated: 65516
	21  -  MemoryUsage of job (MB)
	21504  -  ResidentSetSize of job (KB)
...
006 (6170905.000.000) 2026-09-08 11:38:20 Image size of job updated: 65516
	1578  -  MemoryUsage of job (MB)
	1616128  -  ResidentSetSize of job (KB)
...
040 (6170905.000.000) 2026-09-08 11:38:20 Started transferring output files
...
040 (6170905.000.000) 2026-09-08 11:38:20 Finished transferring output files
...
021 (6170905.000.000) 2026-09-08 11:38:20 Error from starter on slot2_3@bhaskargpu4000.chtc.wisc.edu:
	STARTER at 128.105.76.46 failed to send file(s) to <128.105.68.113:9618>: : FILETRANSFER:1:non-zero exit (1) from /usr/libexec/condor/curl_plugin. |Error: could not open local file /var/lib/condor/execute/slot2/dir_3528948/scratch/comb_outputs.tar.gz, error 2 (No such file or directory) (with environment: http_proxy='http://squid-cs-2360.chtc.wisc.edu:3128', https_proxy='') ( URL file = file:///staging/c/cdonahue6/birdsong/comb_outputs.tar.gz )|; SHADOW failed to receive file(s) from <128.105.76.46:39833>
	Code 13 Subcode 256
...
004 (6170905.000.000) 2026-09-08 11:38:22 Job was evicted. Code 12 Subcode 256
	(0) CPU times
		Usr 0 00:00:00, Sys 0 00:00:00  -  Run Remote Usage
		Usr 0 00:00:00, Sys 0 00:00:00  -  Run Local Usage
	0  -  Run Bytes Sent By Job
	9612065289  -  Run Bytes Received By Job
	Reason: Transfer output files failure at execution point slot2_3@bhaskargpu4000.chtc.wisc.edu using protocol file. Details: could not open local file /var/lib/condor/execute/slot2/dir_3528948/scratch/comb_outputs.tar.gz, error 2 (No such file or directory) (with environment: http_proxy='http://squid-cs-2360.chtc.wisc.edu:3128', https_proxy='') ( URL file = file:///staging/c/cdonahue6/birdsong/comb_outputs.tar.gz )|
	Partitionable Resources :    Usage   Request Allocated Assigned
	   Cpus                 :        0         2         2 
	   Disk (KB)            : 15294704 524288000 524288000 
	   GPUs                 :                  1         1 "GPU-33aa2a42"
	   GpusMemory (MB)      :   124864                     
	   IoHeavy              :                            0 
	   Memory (MB)          :     1578    133120    133120 
	   TimeExecute (s)      :     4267                     
	   TimeSlotBusy (s)     :     4395                     
...
012 (6170905.000.000) 2026-09-08 11:38:22 Job was held.
	Transfer output files failure at execution point slot2_3@bhaskargpu4000.chtc.wisc.edu using protocol file. Details: could not open local file /var/lib/condor/execute/slot2/dir_3528948/scratch/comb_outputs.tar.gz, error 2 (No such file or directory) (with environment: http_proxy='http://squid-cs-2360.chtc.wisc.edu:3128', https_proxy='') ( URL file = file:///staging/c/cdonahue6/birdsong/comb_outputs.tar.gz )|
	Code 12 Subcode 256
...
009 (6170892.000.000) 2026-09-08 11:38:32 Job was aborted.
	via condor_rm (by user cdonahue6)
...
009 (6170905.000.000) 2026-09-08 11:38:32 Job was aborted.
	via condor_rm (by user cdonahue6)
...
000 (6170948.000.000) 2026-09-08 11:38:44 Job submitted from host: <128.105.68.113:9618?addrs=128.105.68.113-9618+[2607-f388-2200-100-eaeb-d3ff-fea7-d05e]-9618&alias=ap2002.chtc.wisc.edu&noUDP&sock=schedd_7808_378f>
    [ JobBatchName = "churp_all" ]
...
040 (6170948.000.000) 2026-09-08 11:39:49 Started transferring input files
	Transferring to host: <128.105.76.46:9618?addrs=128.105.76.46-9618+[2607-f388-2200-100-e29d-73ff-fe7b-5316]-9618&alias=bhaskargpu4000.chtc.wisc.edu&noUDP&sock=slot2_3_2813602_e3a7_13877>
...
040 (6170948.000.000) 2026-09-08 11:40:02 Finished transferring input files
...
001 (6170948.000.000) 2026-09-08 11:40:03 Job executing on host: <128.105.76.46:9618?addrs=128.105.76.46-9618+[2607-f388-2200-100-e29d-73ff-fe7b-5316]-9618&alias=bhaskargpu4000.chtc.wisc.edu&noUDP&sock=startd_58915_5e3e>
	SlotName: slot2_3@bhaskargpu4000.chtc.wisc.edu
	AvailableGPUs = { GPUs_GPU_33aa2a42 }
	CondorScratchDir = "/var/lib/condor/execute/slot2/dir_3575191/scratch"
	Cpus = 2
	Disk = 524288000
	GPUs = 1
	GPUs_GPU_33aa2a42 = [ Id = "GPU-33aa2a42"; Capability = 9.0; DeviceName = "NVIDIA H200"; DeviceUuid = "33aa2a42-bd2a-6304-6f7b-77e4ff98ad33"; ECCEnabled = true; NvidiaDriver = "570.195.03"; DriverVersion = 12.8; DevicePciBusId = "0000:4C:00.0"; GlobalMemoryMb = 143166; MaxSupportedVersion = 12080 ]
	IoHeavy = 0
	Memory = 133120
...
006 (6170948.000.000) 2026-09-08 11:40:12 Image size of job updated: 2
	0  -  MemoryUsage of job (MB)
	948  -  ResidentSetSize of job (KB)
...
006 (6170948.000.000) 2026-09-08 11:45:12 Image size of job updated: 1719
	1719  -  MemoryUsage of job (MB)
	1760864  -  ResidentSetSize of job (KB)
...
006 (6170948.000.000) 2026-09-08 11:50:13 Image size of job updated: 1960
	1960  -  MemoryUsage of job (MB)
	2007656  -  ResidentSetSize of job (KB)
...
006 (6170948.000.000) 2026-09-08 12:00:14 Image size of job updated: 1973
	1973  -  MemoryUsage of job (MB)
	2020888  -  ResidentSetSize of job (KB)
...
006 (6170948.000.000) 2026-09-08 12:10:16 Image size of job updated: 2195
	2195  -  MemoryUsage of job (MB)
	2248084  -  ResidentSetSize of job (KB)
...
006 (6170948.000.000) 2026-09-08 12:40:20 Image size of job updated: 2265
	2265  -  MemoryUsage of job (MB)
	2320284  -  ResidentSetSize of job (KB)
...
006 (6170948.000.000) 2026-09-08 16:05:02 Image size of job updated: 2424
	2424  -  MemoryUsage of job (MB)
	2482672  -  ResidentSetSize of job (KB)
...
006 (6170948.000.000) 2026-09-08 18:19:10 Image size of job updated: 98940
	98940  -  MemoryUsage of job (MB)
	101314660  -  ResidentSetSize of job (KB)
...
006 (6170948.000.000) 2026-09-08 18:24:10 Image size of job updated: 130463
	130463  -  MemoryUsage of job (MB)
	133594308  -  ResidentSetSize of job (KB)
...
040 (6170948.000.000) 2026-09-08 19:46:59 Started transferring output files
...
040 (6170948.000.000) 2026-09-08 19:47:13 Finished transferring output files
...
005 (6170948.000.000) 2026-09-08 19:47:15 Job terminated.
	(1) Normal termination (return value 0)
		Usr 0 05:16:25, Sys 0 02:52:05  -  Run Remote Usage
		Usr 0 00:00:00, Sys 0 00:00:00  -  Run Local Usage
		Usr 0 05:16:25, Sys 0 02:52:05  -  Total Remote Usage
		Usr 0 00:00:00, Sys 0 00:00:00  -  Total Local Usage
	1843546823  -  Run Bytes Sent By Job
	9612065360  -  Run Bytes Received By Job
	1843546823  -  Total Bytes Sent By Job
	9612065360  -  Total Bytes Received By Job
	Partitionable Resources :       Usage   Request Allocated Assigned
	   Cpus                 :        0.00         2         2 
	   Disk (KB)            : 21605544    524288000 524288000 
	   GPUs                 :                     1         1 "GPU-33aa2a42"
	   GpusMemory (MB)      :   125592                        
	   IoHeavy              :                               0 
	   Memory (MB)          :   130463       133120    133120 
	   TimeExecute (s)      :    29215                        
	   TimeSlotBusy (s)     :    29244                        
...
000 (6181394.000.000) 2026-09-08 21:53:38 Job submitted from host: <128.105.68.113:9618?addrs=128.105.68.113-9618+[2607-f388-2200-100-eaeb-d3ff-fea7-d05e]-9618&alias=ap2002.chtc.wisc.edu&noUDP&sock=schedd_7808_378f>
    [ JobBatchName = "churp_all" ]
...
040 (6181394.000.000) 2026-09-08 21:58:02 Started transferring input files
	Transferring to host: <128.105.76.46:9618?addrs=128.105.76.46-9618+[2607-f388-2200-100-e29d-73ff-fe7b-5316]-9618&alias=bhaskargpu4000.chtc.wisc.edu&noUDP&sock=slot2_3_2813602_e3a7_15106>
...
040 (6181394.000.000) 2026-09-08 21:59:10 Finished transferring input files
...
001 (6181394.000.000) 2026-09-08 21:59:10 Job executing on host: <128.105.76.46:9618?addrs=128.105.76.46-9618+[2607-f388-2200-100-e29d-73ff-fe7b-5316]-9618&alias=bhaskargpu4000.chtc.wisc.edu&noUDP&sock=startd_58915_5e3e>
	SlotName: slot2_3@bhaskargpu4000.chtc.wisc.edu
	AvailableGPUs = { GPUs_GPU_33aa2a42 }
	CondorScratchDir = "/var/lib/condor/execute/slot2/dir_917531/scratch"
	Cpus = 2
	Disk = 524288000
	GPUs = 1
	GPUs_GPU_33aa2a42 = [ Id = "GPU-33aa2a42"; Capability = 9.0; DeviceName = "NVIDIA H200"; DeviceUuid = "33aa2a42-bd2a-6304-6f7b-77e4ff98ad33"; ECCEnabled = true; NvidiaDriver = "570.195.03"; DriverVersion = 12.8; DevicePciBusId = "0000:4C:00.0"; GlobalMemoryMb = 143166; MaxSupportedVersion = 12080 ]
	IoHeavy = 0
	Memory = 133120
...
006 (6181394.000.000) 2026-09-08 21:59:18 Image size of job updated: 2
	0  -  MemoryUsage of job (MB)
	944  -  ResidentSetSize of job (KB)
...
006 (6181394.000.000) 2026-09-08 22:04:18 Image size of job updated: 105664
	105664  -  MemoryUsage of job (MB)
	108200152  -  ResidentSetSize of job (KB)
...
006 (6181394.000.000) 2026-09-08 22:09:19 Image size of job updated: 130357
	130357  -  MemoryUsage of job (MB)
	133486452  -  ResidentSetSize of job (KB)
...
040 (6181394.000.000) 2026-09-08 23:04:53 Started transferring output files
...
040 (6181394.000.000) 2026-09-08 23:05:43 Finished transferring output files
...
005 (6181394.000.000) 2026-09-08 23:05:46 Job terminated.
	(1) Normal termination (return value 0)
		Usr 0 03:16:28, Sys 0 00:21:13  -  Run Remote Usage
		Usr 0 00:00:00, Sys 0 00:00:00  -  Run Local Usage
		Usr 0 03:16:28, Sys 0 00:21:13  -  Total Remote Usage
		Usr 0 00:00:00, Sys 0 00:00:00  -  Total Local Usage
	7103298340  -  Run Bytes Sent By Job
	11455609174  -  Run Bytes Received By Job
	7103298340  -  Total Bytes Sent By Job
	11455609174  -  Total Bytes Received By Job
	Partitionable Resources :       Usage   Request Allocated Assigned
	   Cpus                 :        0.00         2         2 
	   Disk (KB)            : 25109200    524288000 524288000 
	   GPUs                 :                     1         1 "GPU-33aa2a42"
	   GpusMemory (MB)      :    72446                        
	   IoHeavy              :                               0 
	   Memory (MB)          :   130357       133120    133120 
	   TimeExecute (s)      :     3943                        
	   TimeSlotBusy (s)     :     4062                        
...
000 (6182149.000.000) 2026-09-09 08:09:18 Job submitted from host: <128.105.68.113:9618?addrs=128.105.68.113-9618+[2607-f388-2200-100-eaeb-d3ff-fea7-d05e]-9618&alias=ap2002.chtc.wisc.edu&noUDP&sock=schedd_7808_378f>
    [ JobBatchName = "churp_all" ]
...
040 (6182149.000.000) 2026-09-09 08:11:34 Started transferring input files
	Transferring to host: <128.105.68.213:9618?addrs=128.105.68.213-9618+[2607-f388-2200-100-e29d-73ff-fe7b-531e]-9618&alias=gpu4004.chtc.wisc.edu&noUDP&sock=slot2_5_3984413_27c2_13936>
...
040 (6182149.000.000) 2026-09-09 08:13:20 Finished transferring input files
...
001 (6182149.000.000) 2026-09-09 08:13:30 Job executing on host: <128.105.68.213:9618?addrs=128.105.68.213-9618+[2607-f388-2200-100-e29d-73ff-fe7b-531e]-9618&alias=gpu4004.chtc.wisc.edu&noUDP&sock=startd_2998441_b471>
	SlotName: slot2_5@gpu4004.chtc.wisc.edu
	AvailableGPUs = { GPUs_GPU_843cdddd }
	CondorScratchDir = "/var/lib/condor/execute/slot2/dir_398323/scratch"
	Cpus = 2
	Disk = 524288000
	GPUs = 1
	GPUs_GPU_843cdddd = [ Id = "GPU-843cdddd"; Capability = 9.0; DeviceName = "NVIDIA H200"; DeviceUuid = "843cdddd-fd9f-835b-035a-8e756db0bf05"; ECCEnabled = true; NvidiaDriver = "570.195.03"; DriverVersion = 12.8; DevicePciBusId = "0000:DB:00.0"; GlobalMemoryMb = 143166; MaxSupportedVersion = 12080 ]
	IoHeavy = 0
	Memory = 133120
...
006 (6182149.000.000) 2026-09-09 08:18:30 Image size of job updated: 34380
	34380  -  MemoryUsage of job (MB)
	35205956  -  ResidentSetSize of job (KB)
...
006 (6182149.000.000) 2026-09-09 08:23:31 Image size of job updated: 130370
	130370  -  MemoryUsage of job (MB)
	133499044  -  ResidentSetSize of job (KB)
...
004 (6182149.000.000) 2026-09-09 08:31:50 Job was evicted. Code 1023 Subcode 0
	(0) CPU times
		Usr 0 00:14:57, Sys 0 00:05:01  -  Run Remote Usage
		Usr 0 00:00:00, Sys 0 00:00:00  -  Run Local Usage
	0  -  Run Bytes Sent By Job
	16715340191  -  Run Bytes Received By Job
	Reason: via condor_rm (by user cdonahue6)
	Partitionable Resources :       Usage   Request Allocated Assigned
	   Cpus                 :        0.00         2         2 
	   Disk (KB)            : 31063736    524288000 524288000 
	   GPUs                 :        0            1         1 "GPU-843cdddd"
	   GpusMemory (MB)      :    71580                        
	   IoHeavy              :                               0 
	   Memory (MB)          :   130370       133120    133120 
	   TimeExecute (s)      :     1060                        
	   TimeSlotBusy (s)     :     1217                        
...
009 (6182149.000.000) 2026-09-09 08:31:50 Job was aborted.
	via condor_rm (by user cdonahue6)
...
000 (6182161.000.000) 2026-09-09 08:31:58 Job submitted from host: <128.105.68.113:9618?addrs=128.105.68.113-9618+[2607-f388-2200-100-eaeb-d3ff-fea7-d05e]-9618&alias=ap2002.chtc.wisc.edu&noUDP&sock=schedd_7808_378f>
    [ JobBatchName = "churp_all" ]
...
040 (6182161.000.000) 2026-09-09 08:35:57 Started transferring input files
	Transferring to host: <128.105.68.213:9618?addrs=128.105.68.213-9618+[2607-f388-2200-100-e29d-73ff-fe7b-531e]-9618&alias=gpu4004.chtc.wisc.edu&noUDP&sock=slot2_1_3984413_27c2_13990>
...
040 (6182161.000.000) 2026-09-09 08:36:16 Finished transferring input files
...
001 (6182161.000.000) 2026-09-09 08:36:16 Job executing on host: <128.105.68.213:9618?addrs=128.105.68.213-9618+[2607-f388-2200-100-e29d-73ff-fe7b-531e]-9618&alias=gpu4004.chtc.wisc.edu&noUDP&sock=startd_2998441_b471>
	SlotName: slot2_1@gpu4004.chtc.wisc.edu
	AvailableGPUs = { GPUs_GPU_65404a9b }
	CondorScratchDir = "/var/lib/condor/execute/slot2/dir_518172/scratch"
	Cpus = 2
	Disk = 524288000
	GPUs = 1
	GPUs_GPU_65404a9b = [ Id = "GPU-65404a9b"; Capability = 9.0; DeviceName = "NVIDIA H200"; DeviceUuid = "65404a9b-a804-0293-ca8e-07b96a0295c3"; ECCEnabled = true; NvidiaDriver = "570.195.03"; DriverVersion = 12.8; DevicePciBusId = "0000:19:00.0"; GlobalMemoryMb = 143166; MaxSupportedVersion = 12080 ]
	IoHeavy = 0
	Memory = 133120
...
006 (6182161.000.000) 2026-09-09 08:36:25 Image size of job updated: 2
	0  -  MemoryUsage of job (MB)
	948  -  ResidentSetSize of job (KB)
...
006 (6182161.000.000) 2026-09-09 08:41:26 Image size of job updated: 36683
	36683  -  MemoryUsage of job (MB)
	37564136  -  ResidentSetSize of job (KB)
...
006 (6182161.000.000) 2026-09-09 08:46:26 Image size of job updated: 130380
	130380  -  MemoryUsage of job (MB)
	133509312  -  ResidentSetSize of job (KB)
...
040 (6182161.000.000) 2026-09-09 09:44:02 Started transferring output files
...
040 (6182161.000.000) 2026-09-09 09:44:54 Finished transferring output files
...
005 (6182161.000.000) 2026-09-09 09:44:58 Job terminated.
	(1) Normal termination (return value 0)
		Usr 0 03:21:39, Sys 0 00:22:08  -  Run Remote Usage
		Usr 0 00:00:00, Sys 0 00:00:00  -  Run Local Usage
		Usr 0 03:21:39, Sys 0 00:22:08  -  Total Remote Usage
		Usr 0 00:00:00, Sys 0 00:00:00  -  Total Local Usage
	7108280044  -  Run Bytes Sent By Job
	16715341796  -  Run Bytes Received By Job
	7108280044  -  Total Bytes Sent By Job
	16715341796  -  Total Bytes Received By Job
	Partitionable Resources :       Usage   Request Allocated Assigned
	   Cpus                 :        0.16         2         2 
	   Disk (KB)            : 31579364    524288000 524288000 
	   GPUs                 :                     1         1 "GPU-65404a9b"
	   GpusMemory (MB)      :    72446                        
	   IoHeavy              :                               0 
	   Memory (MB)          :   130380       133120    133120 
	   TimeExecute (s)      :     4065                        
	   TimeSlotBusy (s)     :     4137                        
...
000 (6183794.000.000) 2026-09-09 09:51:16 Job submitted from host: <128.105.68.113:9618?addrs=128.105.68.113-9618+[2607-f388-2200-100-eaeb-d3ff-fea7-d05e]-9618&alias=ap2002.chtc.wisc.edu&noUDP&sock=schedd_7808_378f>
    [ JobBatchName = "churp_all" ]
...
040 (6183794.000.000) 2026-09-09 09:53:16 Started transferring input files
	Transferring to host: <128.105.76.46:9618?addrs=128.105.76.46-9618+[2607-f388-2200-100-e29d-73ff-fe7b-5316]-9618&alias=bhaskargpu4000.chtc.wisc.edu&noUDP&sock=slot2_3_2813602_e3a7_16427>
...
040 (6183794.000.000) 2026-09-09 09:54:59 Finished transferring input files
...
001 (6183794.000.000) 2026-09-09 09:54:59 Job executing on host: <128.105.76.46:9618?addrs=128.105.76.46-9618+[2607-f388-2200-100-e29d-73ff-fe7b-5316]-9618&alias=bhaskargpu4000.chtc.wisc.edu&noUDP&sock=startd_58915_5e3e>
	SlotName: slot2_3@bhaskargpu4000.chtc.wisc.edu
	AvailableGPUs = { GPUs_GPU_33aa2a42 }
	CondorScratchDir = "/var/lib/condor/execute/slot2/dir_2430752/scratch"
	Cpus = 2
	Disk = 524288000
	GPUs = 1
	GPUs_GPU_33aa2a42 = [ Id = "GPU-33aa2a42"; Capability = 9.0; DeviceName = "NVIDIA H200"; DeviceUuid = "33aa2a42-bd2a-6304-6f7b-77e4ff98ad33"; ECCEnabled = true; NvidiaDriver = "570.195.03"; DriverVersion = 12.8; DevicePciBusId = "0000:4C:00.0"; GlobalMemoryMb = 143166; MaxSupportedVersion = 12080 ]
	IoHeavy = 0
	Memory = 133120
...
006 (6183794.000.000) 2026-09-09 09:55:08 Image size of job updated: 2
	0  -  MemoryUsage of job (MB)
	944  -  ResidentSetSize of job (KB)
...
006 (6183794.000.000) 2026-09-09 10:00:09 Image size of job updated: 57348
	57348  -  MemoryUsage of job (MB)
	58724800  -  ResidentSetSize of job (KB)
...
006 (6183794.000.000) 2026-09-09 10:05:09 Image size of job updated: 130407
	130407  -  MemoryUsage of job (MB)
	133537416  -  ResidentSetSize of job (KB)
...
040 (6183794.000.000) 2026-09-09 11:23:14 Started transferring output files
...
040 (6183794.000.000) 2026-09-09 11:24:47 Finished transferring output files
...
005 (6183794.000.000) 2026-09-09 11:24:53 Job terminated.
	(1) Normal termination (return value 0)
		Usr 0 04:37:58, Sys 0 00:35:43  -  Run Remote Usage
		Usr 0 00:00:00, Sys 0 00:00:00  -  Run Local Usage
		Usr 0 04:37:58, Sys 0 00:35:43  -  Total Remote Usage
		Usr 0 00:00:00, Sys 0 00:00:00  -  Total Local Usage
	13651486589  -  Run Bytes Sent By Job
	16720322075  -  Run Bytes Received By Job
	13651486589  -  Total Bytes Sent By Job
	16720322075  -  Total Bytes Received By Job
	Partitionable Resources :       Usage   Request Allocated Assigned
	   Cpus                 :        0.17         2         2 
	   Disk (KB)            : 44256020    524288000 524288000 
	   GPUs                 :                     1         1 "GPU-33aa2a42"
	   GpusMemory (MB)      :    72446                        
	   IoHeavy              :                               0 
	   Memory (MB)          :   130407       133120    133120 
	   TimeExecute (s)      :     5294                        
	   TimeSlotBusy (s)     :     5492                        
...
000 (6187734.000.000) 2026-09-10 08:08:36 Job submitted from host: <128.105.68.113:9618?addrs=128.105.68.113-9618+[2607-f388-2200-100-eaeb-d3ff-fea7-d05e]-9618&alias=ap2002.chtc.wisc.edu&noUDP&sock=schedd_7808_378f>
    [ JobBatchName = "churp_all" ]
...
040 (6187734.000.000) 2026-09-10 08:09:29 Started transferring input files
	Transferring to host: <128.105.76.46:9618?addrs=128.105.76.46-9618+[2607-f388-2200-100-e29d-73ff-fe7b-5316]-9618&alias=bhaskargpu4000.chtc.wisc.edu&noUDP&sock=slot2_1_2813602_e3a7_19524>
...
040 (6187734.000.000) 2026-09-10 08:12:12 Finished transferring input files
...
001 (6187734.000.000) 2026-09-10 08:12:12 Job executing on host: <128.105.76.46:9618?addrs=128.105.76.46-9618+[2607-f388-2200-100-e29d-73ff-fe7b-5316]-9618&alias=bhaskargpu4000.chtc.wisc.edu&noUDP&sock=startd_58915_5e3e>
	SlotName: slot2_1@bhaskargpu4000.chtc.wisc.edu
	AvailableGPUs = { GPUs_GPU_a6385676 }
	CondorScratchDir = "/var/lib/condor/execute/slot2/dir_2620272/scratch"
	Cpus = 2
	Disk = 524288000
	GPUs = 1
	GPUs_GPU_a6385676 = [ Id = "GPU-a6385676"; Capability = 9.0; DeviceName = "NVIDIA H200"; DeviceUuid = "a6385676-e469-d8bf-78bf-e936ea0e7758"; ECCEnabled = true; NvidiaDriver = "570.195.03"; DriverVersion = 12.8; DevicePciBusId = "0000:19:00.0"; GlobalMemoryMb = 143166; MaxSupportedVersion = 12080 ]
	IoHeavy = 0
	Memory = 133120
...
006 (6187734.000.000) 2026-09-10 08:12:20 Image size of job updated: 2
	0  -  MemoryUsage of job (MB)
	948  -  ResidentSetSize of job (KB)
...
006 (6187734.000.000) 2026-09-10 08:17:20 Image size of job updated: 34383
	34383  -  MemoryUsage of job (MB)
	35208220  -  ResidentSetSize of job (KB)
...
006 (6187734.000.000) 2026-09-10 08:22:20 Image size of job updated: 130421
	130421  -  MemoryUsage of job (MB)
	133551832  -  ResidentSetSize of job (KB)
...
040 (6187734.000.000) 2026-09-10 09:31:59 Started transferring output files
...
040 (6187734.000.000) 2026-09-10 09:34:19 Finished transferring output files
...
005 (6187734.000.000) 2026-09-10 09:34:26 Job terminated.
	(1) Normal termination (return value 0)
		Usr 0 03:34:32, Sys 0 00:23:22  -  Run Remote Usage
		Usr 0 00:00:00, Sys 0 00:00:00  -  Run Local Usage
		Usr 0 03:34:32, Sys 0 00:23:22  -  Total Remote Usage
		Usr 0 00:00:00, Sys 0 00:00:00  -  Total Local Usage
	19959749748  -  Run Bytes Sent By Job
	23263531757  -  Run Bytes Received By Job
	19959749748  -  Total Bytes Sent By Job
	23263531757  -  Total Bytes Received By Job
	Partitionable Resources :       Usage   Request Allocated Assigned
	   Cpus                 :        0            2         2 
	   Disk (KB)            : 52387480    524288000 524288000 
	   GPUs                 :        0.03         1         1 "GPU-a6385676"
	   GpusMemory (MB)      :    72446                        
	   IoHeavy              :                               0 
	   Memory (MB)          :   130421       133120    133120 
	   TimeExecute (s)      :     4786                        
	   TimeSlotBusy (s)     :     5091                        
...
000 (6187817.000.000) 2026-09-10 10:40:01 Job submitted from host: <128.105.68.113:9618?addrs=128.105.68.113-9618+[2607-f388-2200-100-eaeb-d3ff-fea7-d05e]-9618&alias=ap2002.chtc.wisc.edu&noUDP&sock=schedd_7808_378f>
    [ JobBatchName = "churp_all" ]
...
040 (6187817.000.000) 2026-09-10 10:40:14 Started transferring input files
	Transferring to host: <128.105.76.46:9618?addrs=128.105.76.46-9618+[2607-f388-2200-100-e29d-73ff-fe7b-5316]-9618&alias=bhaskargpu4000.chtc.wisc.edu&noUDP&sock=slot2_2_2813602_e3a7_20008>
...
040 (6187817.000.000) 2026-09-10 10:40:43 Finished transferring input files
...
001 (6187817.000.000) 2026-09-10 10:40:43 Job executing on host: <128.105.76.46:9618?addrs=128.105.76.46-9618+[2607-f388-2200-100-e29d-73ff-fe7b-5316]-9618&alias=bhaskargpu4000.chtc.wisc.edu&noUDP&sock=startd_58915_5e3e>
	SlotName: slot2_2@bhaskargpu4000.chtc.wisc.edu
	AvailableGPUs = { GPUs_GPU_a6385676 }
	CondorScratchDir = "/var/lib/condor/execute/slot2/dir_2794377/scratch"
	Cpus = 2
	Disk = 524288000
	GPUs = 1
	GPUs_GPU_a6385676 = [ Id = "GPU-a6385676"; Capability = 9.0; DeviceName = "NVIDIA H200"; DeviceUuid = "a6385676-e469-d8bf-78bf-e936ea0e7758"; ECCEnabled = true; NvidiaDriver = "570.195.03"; DriverVersion = 12.8; DevicePciBusId = "0000:19:00.0"; GlobalMemoryMb = 143166; MaxSupportedVersion = 12080 ]
	IoHeavy = 0
	Memory = 133120
...
006 (6187817.000.000) 2026-09-10 10:40:52 Image size of job updated: 2
	0  -  MemoryUsage of job (MB)
	940  -  ResidentSetSize of job (KB)
...
006 (6187817.000.000) 2026-09-10 10:45:52 Image size of job updated: 5292
	5292  -  MemoryUsage of job (MB)
	5419264  -  ResidentSetSize of job (KB)
...
040 (6187817.000.000) 2026-09-10 11:03:00 Started transferring output files
...
040 (6187817.000.000) 2026-09-10 11:05:18 Finished transferring output files
...
005 (6187817.000.000) 2026-09-10 11:05:26 Job terminated.
	(1) Normal termination (return value 0)
		Usr 0 00:22:01, Sys 0 00:01:17  -  Run Remote Usage
		Usr 0 00:00:00, Sys 0 00:00:00  -  Run Local Usage
		Usr 0 00:22:01, Sys 0 00:01:17  -  Total Remote Usage
		Usr 0 00:00:00, Sys 0 00:00:00  -  Total Local Usage
	19959771778  -  Run Bytes Sent By Job
	29571795075  -  Run Bytes Received By Job
	19959771778  -  Total Bytes Sent By Job
	29571795075  -  Total Bytes Received By Job
	Partitionable Resources :       Usage   Request Allocated Assigned
	   Cpus                 :        0.00         2         2 
	   Disk (KB)            : 58188096    524288000 524288000 
	   GPUs                 :        0            1         1 "GPU-a6385676"
	   GpusMemory (MB)      :      608                        
	   IoHeavy              :                               0 
	   Memory (MB)          :     5292       133120    133120 
	   TimeExecute (s)      :     1337                        
	   TimeSlotBusy (s)     :     1506                        
...
000 (6187865.000.000) 2026-09-10 11:24:54 Job submitted from host: <128.105.68.113:9618?addrs=128.105.68.113-9618+[2607-f388-2200-100-eaeb-d3ff-fea7-d05e]-9618&alias=ap2002.chtc.wisc.edu&noUDP&sock=schedd_7808_378f>
    [ JobBatchName = "churp_all" ]
...
040 (6187865.000.000) 2026-09-10 11:25:28 Started transferring input files
	Transferring to host: <128.105.76.46:9618?addrs=128.105.76.46-9618+[2607-f388-2200-100-e29d-73ff-fe7b-5316]-9618&alias=bhaskargpu4000.chtc.wisc.edu&noUDP&sock=slot2_1_2813602_e3a7_20108>
...
040 (6187865.000.000) 2026-09-10 11:25:56 Finished transferring input files
...
001 (6187865.000.000) 2026-09-10 11:25:57 Job executing on host: <128.105.76.46:9618?addrs=128.105.76.46-9618+[2607-f388-2200-100-e29d-73ff-fe7b-5316]-9618&alias=bhaskargpu4000.chtc.wisc.edu&noUDP&sock=startd_58915_5e3e>
	SlotName: slot2_1@bhaskargpu4000.chtc.wisc.edu
	AvailableGPUs = { GPUs_GPU_a6385676 }
	CondorScratchDir = "/var/lib/condor/execute/slot2/dir_2923059/scratch"
	Cpus = 2
	Disk = 524288000
	GPUs = 1
	GPUs_GPU_a6385676 = [ Id = "GPU-a6385676"; Capability = 9.0; DeviceName = "NVIDIA H200"; DeviceUuid = "a6385676-e469-d8bf-78bf-e936ea0e7758"; ECCEnabled = true; NvidiaDriver = "570.195.03"; DriverVersion = 12.8; DevicePciBusId = "0000:19:00.0"; GlobalMemoryMb = 143166; MaxSupportedVersion = 12080 ]
	IoHeavy = 0
	Memory = 133120
...
006 (6187865.000.000) 2026-09-10 11:26:06 Image size of job updated: 2
	0  -  MemoryUsage of job (MB)
	944  -  ResidentSetSize of job (KB)
...
006 (6187865.000.000) 2026-09-10 11:31:06 Image size of job updated: 1866
	1866  -  MemoryUsage of job (MB)
	1911552  -  ResidentSetSize of job (KB)
...
004 (6187865.000.000) 2026-09-10 11:31:33 Job was evicted. Code 1023 Subcode 0
	(0) CPU times
		Usr 0 00:04:57, Sys 0 00:01:13  -  Run Remote Usage
		Usr 0 00:00:00, Sys 0 00:00:00  -  Run Local Usage
	0  -  Run Bytes Sent By Job
	29571830615  -  Run Bytes Received By Job
	Reason: via condor_rm (by user cdonahue6)
	Partitionable Resources :    Usage   Request Allocated Assigned
	   Cpus                 :        0         2         2 
	   Disk (KB)            : 58189280 524288000 524288000 
	   GPUs                 :                  1         1 "GPU-a6385676"
	   GpusMemory (MB)      :    21288                     
	   IoHeavy              :                            0 
	   Memory (MB)          :     1866    133120    133120 
	   TimeExecute (s)      :      337                     
	   TimeSlotBusy (s)     :      365                     
...
009 (6187865.000.000) 2026-09-10 11:31:33 Job was aborted.
	via condor_rm (by user cdonahue6)
...
