000 (6166938.000.000) 2026-09-07 18:50:35 Job submitted from host: <128.105.68.113:9618?addrs=128.105.68.113-9618+[2607-f388-2200-100-eaeb-d3ff-fea7-d05e]-9618&alias=ap2002.chtc.wisc.edu&noUDP&sock=schedd_7808_378f>
    [ JobBatchName = "make_env" ]
...
040 (6166938.000.000) 2026-09-07 18:52:06 Started transferring input files
	Transferring to host: <128.105.69.192:9618?addrs=128.105.69.192-9618+[2607-f388-2200-100-1270-fdff-fe56-bc04]-9618&alias=build4002.chtc.wisc.edu&noUDP&sock=interactive3_1_2097520_5728_9605>
...
040 (6166938.000.000) 2026-09-07 18:52:06 Finished transferring input files
...
001 (6166938.000.000) 2026-09-07 18:52:20 Job executing on host: <128.105.69.192:9618?addrs=128.105.69.192-9618+[2607-f388-2200-100-1270-fdff-fe56-bc04]-9618&alias=build4002.chtc.wisc.edu&noUDP&sock=startd_14948_a9c4>
	SlotName: interactive3_1@build4002.chtc.wisc.edu
	CondorScratchDir = "/var/lib/condor/execute/slot3/dir_458155/scratch"
	Cpus = 1
	Disk = 104857600
	GPUs = 0
	IoHeavy = 0
	Memory = 30720
...
006 (6166938.000.000) 2026-09-07 18:57:21 Image size of job updated: 65504
	18  -  MemoryUsage of job (MB)
	18432  -  ResidentSetSize of job (KB)
...
006 (6166938.000.000) 2026-09-07 19:37:25 Image size of job updated: 65640
	18  -  MemoryUsage of job (MB)
	18432  -  ResidentSetSize of job (KB)
...
006 (6166938.000.000) 2026-09-07 19:37:44 Image size of job updated: 65640
	1411  -  MemoryUsage of job (MB)
	1445344  -  ResidentSetSize of job (KB)
...
040 (6166938.000.000) 2026-09-07 19:37:46 Started transferring output files
...
040 (6166938.000.000) 2026-09-07 19:37:46 Finished transferring output files
...
021 (6166938.000.000) 2026-09-07 19:37:48 Error from starter on interactive3_1@build4002.chtc.wisc.edu:
	STARTER at 128.105.69.192 failed to send file(s) to <128.105.68.113:9618>: : FILETRANSFER:1:non-zero exit (1) from /usr/libexec/condor/curl_plugin. |Error: could not open local file /var/lib/condor/execute/slot3/dir_458155/scratch/environment.tar.gz, error 2 (No such file or directory) (with environment: http_proxy='http://squid-cs-2360.chtc.wisc.edu:3128', https_proxy='') ( URL file = file:///staging/c/cdonahue6/birdsong/environment.tar.gz )|; SHADOW failed to receive file(s) from <128.105.69.192:40413>
	Code 13 Subcode 256
...
004 (6166938.000.000) 2026-09-07 19:37:58 Job was evicted. Code 12 Subcode 256
	(0) CPU times
		Usr 0 00:07:57, Sys 0 00:01:52  -  Run Remote Usage
		Usr 0 00:00:00, Sys 0 00:00:00  -  Run Local Usage
	0  -  Run Bytes Sent By Job
	2003  -  Run Bytes Received By Job
	Reason: Transfer output files failure at execution point interactive3_1@build4002.chtc.wisc.edu using protocol file. Details: could not open local file /var/lib/condor/execute/slot3/dir_458155/scratch/environment.tar.gz, error 2 (No such file or directory) (with environment: http_proxy='http://squid-cs-2360.chtc.wisc.edu:3128', https_proxy='') ( URL file = file:///staging/c/cdonahue6/birdsong/environment.tar.gz )|
	Partitionable Resources :       Usage   Request Allocated 
	   Cpus                 :        0.00         1         1 
	   Disk (KB)            : 11670467    104857600 104857600 
	   GPUs                 :                               0 
	   IoHeavy              :                               0 
	   Memory (MB)          :     1411        30720     30720 
	   TimeExecute (s)      :     2666                        
	   TimeSlotBusy (s)     :     2742                        
...
012 (6166938.000.000) 2026-09-07 19:37:58 Job was held.
	Transfer output files failure at execution point interactive3_1@build4002.chtc.wisc.edu using protocol file. Details: could not open local file /var/lib/condor/execute/slot3/dir_458155/scratch/environment.tar.gz, error 2 (No such file or directory) (with environment: http_proxy='http://squid-cs-2360.chtc.wisc.edu:3128', https_proxy='') ( URL file = file:///staging/c/cdonahue6/birdsong/environment.tar.gz )|
	Code 12 Subcode 256
...
009 (6166938.000.000) 2026-09-07 20:51:20 Job was aborted.
	via condor_rm (by user cdonahue6)
...
